 steghide_assembly

 Timestamp is 657d6db1 (Sat Dec 16 17:28:17 2023)

 Preferred load address is 00400000

 Start         Length     Name                   Class
 0001:00000000 000026a0H .text                   CODE
 0001:000026a0 00001600H .text$mn                CODE
 0002:00000000 00000144H .rdata                  DATA
 0002:00000143 00000000H .edata                  DATA
 0002:00000144 00000186H .rdata$zzzdbg           DATA
 0003:00000000 00126420H .data                   DATA
 0003:00126420 000002f2H .bss                    DATA
 0004:00000000 000000d4H .idata$5                DATA
 0004:000000d4 00000028H .idata$2                DATA
 0004:000000fc 00000014H .idata$3                DATA
 0004:00000110 000000d4H .idata$4                DATA
 0004:000001e4 00000337H .idata$6                DATA
 0005:00000000 00000170H .rsrc$01                DATA
 0005:00000170 000002ccH .rsrc$02                DATA

  Address         Publics by Value              Rva+Base       Lib:Object

 0000:00000000       ___hybrid_auxiliary_iat_copy 00000000     <absolute>
 0000:00000000       ___guard_fids_table        00000000     <absolute>
 0000:00000000       ___enclave_config          00000000     <absolute>
 0000:00000000       ___arm64x_redirection_metadata_count 00000000     <absolute>
 0000:00000000       ___guard_check_icall_a64n_fptr 00000000     <absolute>
 0000:00000000       ___guard_longjmp_count     00000000     <absolute>
 0000:00000000       ___safe_se_handler_count   00000000     <absolute>
 0000:00000000       ___guard_iat_table         00000000     <absolute>
 0000:00000000       ___x64_code_ranges_to_entry_points_count 00000000     <absolute>
 0000:00000000       ___guard_iat_count         00000000     <absolute>
 0000:00000000       ___guard_eh_cont_table     00000000     <absolute>
 0000:00000000       ___guard_fids_count        00000000     <absolute>
 0000:00000000       ___AbsoluteZero            00000000     <absolute>
 0000:00000000       ___guard_flags             00000000     <absolute>
 0000:00000000       ___safe_se_handler_table   00000000     <absolute>
 0000:00000000       ___arm64x_native_entrypoint 00000000     <absolute>
 0000:00000000       ___guard_longjmp_table     00000000     <absolute>
 0000:00000000       ___dynamic_value_reloc_table 00000000     <absolute>
 0000:00000000       ___volatile_metadata       00000000     <absolute>
 0000:00000000       ___hybrid_auxiliary_iat    00000000     <absolute>
 0000:00000000       ___arm64x_extra_rfe_table  00000000     <absolute>
 0000:00000000       ___arm64x_redirection_metadata 00000000     <absolute>
 0000:00000000       ___guard_eh_cont_count     00000000     <absolute>
 0000:00000000       ___hybrid_code_map_count   00000000     <absolute>
 0000:00000000       ___x64_code_ranges_to_entry_points 00000000     <absolute>
 0000:00000000       ___hybrid_code_map         00000000     <absolute>
 0000:00000000       ___arm64x_extra_rfe_table_size 00000000     <absolute>
 0001:00000240       _CloseFile@0               00401240 f   Irvine32:Irvine32.obj
 0001:00000247       _Clrscr@0                  00401247 f   Irvine32:Irvine32.obj
 0001:0000030c       _CreateOutputFile@0        0040130c f   Irvine32:Irvine32.obj
 0001:00000325       _Crlf@0                    00401325 f   Irvine32:Irvine32.obj
 0001:00000340       _Delay@0                   00401340 f   Irvine32:Irvine32.obj
 0001:00000349       _DumpMem@0                 00401349 f   Irvine32:Irvine32.obj
 0001:00000404       _DumpRegs@0                00401404 f   Irvine32:Irvine32.obj
 0001:000005ff       _GetCommandTail@0          004015ff f   Irvine32:Irvine32.obj
 0001:0000063c       _GetDateTime@4             0040163c f   Irvine32:Irvine32.obj
 0001:0000066e       _GetMaxXY@0                0040166e f   Irvine32:Irvine32.obj
 0001:0000069d       _GetMseconds@0             0040169d f   Irvine32:Irvine32.obj
 0001:000006fa       _GetTextColor@0            004016fa f   Irvine32:Irvine32.obj
 0001:00000725       _Gotoxy@0                  00401725 f   Irvine32:Irvine32.obj
 0001:0000077d       _IsDigit@0                 0040177d f   Irvine32:Irvine32.obj
 0001:0000078a       _MsgBox@0                  0040178a f   Irvine32:Irvine32.obj
 0001:000007a1       _MsgBoxAsk@0               004017a1 f   Irvine32:Irvine32.obj
 0001:000007c0       _OpenInputFile@0           004017c0 f   Irvine32:Irvine32.obj
 0001:000007d9       _ParseDecimal32@0          004017d9 f   Irvine32:Irvine32.obj
 0001:0000083b       _ParseInteger32@0          0040183b f   Irvine32:Irvine32.obj
 0001:000008f6       _Random32@0                004018f6 f   Irvine32:Irvine32.obj
 0001:00000911       _RandomRange@0             00401911 f   Irvine32:Irvine32.obj
 0001:00000926       _Randomize@0               00401926 f   Irvine32:Irvine32.obj
 0001:0000093f       _ReadChar@0                0040193f f   Irvine32:Irvine32.obj
 0001:00000955       _ReadDec@0                 00401955 f   Irvine32:Irvine32.obj
 0001:00000970       _ReadFromFile@0            00401970 f   Irvine32:Irvine32.obj
 0001:00000993       _ReadHex@0                 00401993 f   Irvine32:Irvine32.obj
 0001:00000a14       _ReadInt@0                 00401a14 f   Irvine32:Irvine32.obj
 0001:00000a2f       _ReadKey@0                 00401a2f f   Irvine32:Irvine32.obj
 0001:00000b4a       _ReadKeyFlush@0            00401b4a f   Irvine32:Irvine32.obj
 0001:00000c18       _ReadString@0              00401c18 f   Irvine32:Irvine32.obj
 0001:00000cd1       _SetTextColor@0            00401cd1 f   Irvine32:Irvine32.obj
 0001:00000cf2       _StrLength@0               00401cf2 f   Irvine32:Irvine32.obj
 0001:00000d03       _Str_compare@8             00401d03 f   Irvine32:Irvine32.obj
 0001:00000d2d       _Str_copy@8                00401d2d f   Irvine32:Irvine32.obj
 0001:00000d50       _Str_length@4              00401d50 f   Irvine32:Irvine32.obj
 0001:00000d6a       _Str_trim@8                00401d6a f   Irvine32:Irvine32.obj
 0001:00000d98       _Str_ucase@4               00401d98 f   Irvine32:Irvine32.obj
 0001:00000dba       _WaitMsg@0                 00401dba f   Irvine32:Irvine32.obj
 0001:00000dcc       _WriteBin@0                00401dcc f   Irvine32:Irvine32.obj
 0001:00000dd9       _WriteBinB@0               00401dd9 f   Irvine32:Irvine32.obj
 0001:00000e2c       _WriteChar@0               00401e2c f   Irvine32:Irvine32.obj
 0001:00000e5e       _WriteDec@0                00401e5e f   Irvine32:Irvine32.obj
 0001:00000e9f       _WriteHex@0                00401e9f f   Irvine32:Irvine32.obj
 0001:00000eac       _WriteHexB@0               00401eac f   Irvine32:Irvine32.obj
 0001:00000f3e       _WriteInt@0                00401f3e f   Irvine32:Irvine32.obj
 0001:00000f9f       _WriteStackFrameName@16    00401f9f f   Irvine32:Irvine32.obj
 0001:0000111f       _WriteStackFrame@12        0040211f f   Irvine32:Irvine32.obj
 0001:00001139       _WriteString@0             00402139 f   Irvine32:Irvine32.obj
 0001:00001165       _WriteToFile@0             00402165 f   Irvine32:Irvine32.obj
 0001:0000117a       _WriteWindowsMsg@0         0040217a f   Irvine32:Irvine32.obj
 0001:000026a0       _byte2file@16              004036a0 f   byte2file.obj
 0001:00002850       _encryptOneByte@8          00403850 f   encrypt.obj
 0001:00002881       _HideTheFile@20            00403881 f   encrypt.obj
 0001:000028da       _extractByte@4             004038da f   encrypt.obj
 0001:00002912       _unHideTheFile@16          00403912 f   encrypt.obj
 0001:00002a30       _File2Byte@4               00403a30 f   file2byte.obj
 0001:00002ac0       _main@0                    00403ac0 f   main.obj
 0001:00002bd8       _CreateFileA@28            00403bd8 f   kernel32:KERNEL32.dll
 0001:00002bde       _WriteFile@20              00403bde f   kernel32:KERNEL32.dll
 0001:00002be4       _CloseHandle@4             00403be4 f   kernel32:KERNEL32.dll
 0001:00002bea       _ReadFile@20               00403bea f   kernel32:KERNEL32.dll
 0001:00002bf0       _FormatMessageA@28         00403bf0 f   kernel32:KERNEL32.dll
 0001:00002bf6       _FlushConsoleInputBuffer@4 00403bf6 f   kernel32:KERNEL32.dll
 0001:00002bfc       _GetCommandLineA@0         00403bfc f   kernel32:KERNEL32.dll
 0001:00002c02       _GetConsoleMode@8          00403c02 f   kernel32:KERNEL32.dll
 0001:00002c08       _GetConsoleScreenBufferInfo@8 00403c08 f   kernel32:KERNEL32.dll
 0001:00002c0e       _GetLastError@0            00403c0e f   kernel32:KERNEL32.dll
 0001:00002c14       _GetLocalTime@4            00403c14 f   kernel32:KERNEL32.dll
 0001:00002c1a       _GetStdHandle@4            00403c1a f   kernel32:KERNEL32.dll
 0001:00002c20       _GetSystemTime@4           00403c20 f   kernel32:KERNEL32.dll
 0001:00002c26       _LocalFree@4               00403c26 f   kernel32:KERNEL32.dll
 0001:00002c2c       _PeekConsoleInputA@16      00403c2c f   kernel32:KERNEL32.dll
 0001:00002c32       _ReadConsoleA@20           00403c32 f   kernel32:KERNEL32.dll
 0001:00002c38       _ReadConsoleInputA@16      00403c38 f   kernel32:KERNEL32.dll
 0001:00002c3e       _SetConsoleCursorPosition@8 00403c3e f   kernel32:KERNEL32.dll
 0001:00002c44       _SetConsoleMode@8          00403c44 f   kernel32:KERNEL32.dll
 0001:00002c4a       _SetConsoleTextAttribute@8 00403c4a f   kernel32:KERNEL32.dll
 0001:00002c50       _Sleep@4                   00403c50 f   kernel32:KERNEL32.dll
 0001:00002c56       _SystemTimeToFileTime@8    00403c56 f   kernel32:KERNEL32.dll
 0001:00002c5c       _WriteConsoleA@20          00403c5c f   kernel32:KERNEL32.dll
 0001:00002c62       _WriteConsoleOutputCharacterA@20 00403c62 f   kernel32:KERNEL32.dll
 0001:00002c68       _WriteConsoleOutputAttribute@20 00403c68 f   kernel32:KERNEL32.dll
 0001:00002c6e       _MessageBoxA@16            00403c6e f   user32:USER32.dll
 0004:00000000       __imp__CreateFileA@28      0052d000     kernel32:KERNEL32.dll
 0004:00000004       __imp__WriteFile@20        0052d004     kernel32:KERNEL32.dll
 0004:00000008       __imp__CloseHandle@4       0052d008     kernel32:KERNEL32.dll
 0004:0000000c       __imp__ReadFile@20         0052d00c     kernel32:KERNEL32.dll
 0004:00000010       __imp__FormatMessageA@28   0052d010     kernel32:KERNEL32.dll
 0004:00000014       __imp__FlushConsoleInputBuffer@4 0052d014     kernel32:KERNEL32.dll
 0004:00000018       __imp__GetCommandLineA@0   0052d018     kernel32:KERNEL32.dll
 0004:0000001c       __imp__GetConsoleMode@8    0052d01c     kernel32:KERNEL32.dll
 0004:00000020       __imp__GetConsoleScreenBufferInfo@8 0052d020     kernel32:KERNEL32.dll
 0004:00000024       __imp__GetLastError@0      0052d024     kernel32:KERNEL32.dll
 0004:00000028       __imp__GetLocalTime@4      0052d028     kernel32:KERNEL32.dll
 0004:0000002c       __imp__GetStdHandle@4      0052d02c     kernel32:KERNEL32.dll
 0004:00000030       __imp__GetSystemTime@4     0052d030     kernel32:KERNEL32.dll
 0004:00000034       __imp__LocalFree@4         0052d034     kernel32:KERNEL32.dll
 0004:00000038       __imp__PeekConsoleInputA@16 0052d038     kernel32:KERNEL32.dll
 0004:0000003c       __imp__ReadConsoleA@20     0052d03c     kernel32:KERNEL32.dll
 0004:00000040       __imp__ReadConsoleInputA@16 0052d040     kernel32:KERNEL32.dll
 0004:00000044       __imp__SetConsoleCursorPosition@8 0052d044     kernel32:KERNEL32.dll
 0004:00000048       __imp__SetConsoleMode@8    0052d048     kernel32:KERNEL32.dll
 0004:0000004c       __imp__SetConsoleTextAttribute@8 0052d04c     kernel32:KERNEL32.dll
 0004:00000050       __imp__Sleep@4             0052d050     kernel32:KERNEL32.dll
 0004:00000054       __imp__SystemTimeToFileTime@8 0052d054     kernel32:KERNEL32.dll
 0004:00000058       __imp__WriteConsoleA@20    0052d058     kernel32:KERNEL32.dll
 0004:0000005c       __imp__WriteConsoleOutputCharacterA@20 0052d05c     kernel32:KERNEL32.dll
 0004:00000060       __imp__WriteConsoleOutputAttribute@20 0052d060     kernel32:KERNEL32.dll
 0004:00000064       \177KERNEL32_NULL_THUNK_DATA 0052d064     kernel32:KERNEL32.dll
 0004:000000a4       __imp__MessageBoxA@16      0052d0a4     user32:USER32.dll
 0004:000000a8       \177USER32_NULL_THUNK_DATA 0052d0a8     user32:USER32.dll
 0004:000000d4       __IMPORT_DESCRIPTOR_KERNEL32 0052d0d4     kernel32:KERNEL32.dll
 0004:000000e8       __IMPORT_DESCRIPTOR_USER32 0052d0e8     user32:USER32.dll
 0004:000000fc       __NULL_IMPORT_DESCRIPTOR   0052d0fc     kernel32:KERNEL32.dll

 entry point at        0001:000000b9

 Static symbols

 0000:ffed0000       .debug$S                   00400000     kernel32:KERNEL32.dll
 0000:ffed0000       .debug$S                   00400000     kernel32:KERNEL32.dll
 0000:ffed0000       .debug$S                   00400000     kernel32:KERNEL32.dll
 0000:ffed0000       .debug$S                   00400000     kernel32:KERNEL32.dll
 0000:ffed0000       .debug$S                   00400000     kernel32:KERNEL32.dll
 0000:ffed0000       .debug$S                   00400000     kernel32:KERNEL32.dll
 0000:ffed0000       .debug$S                   00400000     kernel32:KERNEL32.dll
 0000:ffed0000       .debug$S                   00400000     kernel32:KERNEL32.dll
 0000:ffed0000       .debug$S                   00400000     kernel32:KERNEL32.dll
 0000:ffed0000       .debug$S                   00400000     kernel32:KERNEL32.dll
 0000:ffed0000       .debug$S                   00400000     kernel32:KERNEL32.dll
 0000:ffed0000       .debug$S                   00400000     kernel32:KERNEL32.dll
 0000:ffed0000       .debug$S                   00400000     kernel32:KERNEL32.dll
 0000:ffed0000       .debug$S                   00400000     kernel32:KERNEL32.dll
 0000:ffed0000       .debug$S                   00400000     kernel32:KERNEL32.dll
 0000:ffed0000       .debug$S                   00400000     kernel32:KERNEL32.dll
 0000:ffed0000       .debug$S                   00400000     kernel32:KERNEL32.dll
 0000:ffed0000       .debug$S                   00400000     kernel32:KERNEL32.dll
 0000:ffed0000       .debug$S                   00400000     kernel32:KERNEL32.dll
 0000:ffed0000       .debug$S                   00400000     kernel32:KERNEL32.dll
 0000:ffed0000       .debug$S                   00400000     kernel32:KERNEL32.dll
 0000:ffed0000       .debug$S                   00400000     kernel32:KERNEL32.dll
 0000:ffed0000       .debug$S                   00400000     kernel32:KERNEL32.dll
 0000:ffed0000       .debug$S                   00400000     kernel32:KERNEL32.dll
 0000:ffed0000       .debug$S                   00400000     kernel32:KERNEL32.dll
 0000:ffed0000       .debug$S                   00400000     user32:USER32.dll
 0001:00000634       _scan_for_quote@0          00401634 f   Irvine32:Irvine32.obj
 0001:0000075b       _Initialize@0              0040175b f   Irvine32:Irvine32.obj
 0001:00000b5f       _ReadKeyTranslate@0        00401b5f f   Irvine32:Irvine32.obj
 0001:000011d5       _AsciiDigit@0              004021d5 f   Irvine32:Irvine32.obj
 0001:000011de       _HexByte@0                 004021de f   Irvine32:Irvine32.obj
 0001:000026a0       $$000000                   004036a0     byte2file.obj
 0001:00002850       $$000000                   00403850     encrypt.obj
 0001:00002a30       $$000000                   00403a30     file2byte.obj
 0001:00002ac0       $$000000                   00403ac0     main.obj
 0003:00000000       filename01                 00406000     byte2file.obj
 0003:00000028       filename02                 00406028     byte2file.obj
 0003:00000050       filename03                 00406050     byte2file.obj
 0003:00000078       filename04                 00406078     byte2file.obj
 0003:000000a0       filename11                 004060a0     byte2file.obj
 0003:000000c8       filename12                 004060c8     byte2file.obj
 0003:000000f0       filename13                 004060f0     byte2file.obj
 0003:00000118       filename14                 00406118     byte2file.obj
 0003:00000140       errMsg                     00406140     byte2file.obj
 0003:00000155       fileHandle                 00406155     byte2file.obj
 0003:00000159       bytesWritten               00406159     byte2file.obj
 0003:000001a0       img                        004061a0     encrypt.obj
 0003:000002a0       encrpyt                    004062a0     encrypt.obj
 0003:000002ab       decrpyt                    004062ab     encrypt.obj
 0003:000002b5       decrpytFileType            004062b5     encrypt.obj
 0003:000002f0       fileHandle                 004062f0     file2byte.obj
 0003:000002f4       Buffer                     004062f4     file2byte.obj
 0003:000f4534       BytesRead                  004fa534     file2byte.obj
 0003:000f4538       errMsg                     004fa538     file2byte.obj
 0003:00125290       filename                   0052b290     main.obj
 0003:001252c6       errMsg                     0052b2c6     main.obj
 0003:001252d9       file_path                  0052b2d9     main.obj
 0003:001253d9       showBmpPtr                 0052b3d9     main.obj
 0003:001253dd       showBmpPtrTemp             0052b3dd     main.obj
 0003:001253e1       showBmpLen                 0052b3e1     main.obj
 0003:001253e5       hideFilePtr                0052b3e5     main.obj
 0003:001253e9       hideFileLen                0052b3e9     main.obj
 0003:001253ed       fileType                   0052b3ed     main.obj
 0003:001253ee       unHideFile                 0052b3ee     main.obj
 0003:001257d6       unhideFileLen              0052b7d6     main.obj
 0003:001257da       unHideFileType             0052b7da     main.obj
 0003:001257db       startFrom                  0052b7db     main.obj
 0003:001258f0       InitFlag                   0052b8f0     Irvine32:Irvine32.obj
 0003:001258f1       xtable                     0052b8f1     Irvine32:Irvine32.obj
 0003:00125901       blanks                     0052b901     Irvine32:Irvine32.obj
 0003:00125b01       attribs                    0052bb01     Irvine32:Irvine32.obj
 0003:00125f01       lineLength                 0052bf01     Irvine32:Irvine32.obj
 0003:00125f05       cursorLoc                  0052bf05     Irvine32:Irvine32.obj
 0003:00125f09       count                      0052bf09     Irvine32:Irvine32.obj
 0003:00125f0d       ??0002                     0052bf0d     Irvine32:Irvine32.obj
 0003:00125f12       dumpPrompt                 0052bf12     Irvine32:Irvine32.obj
 0003:00125f24       dashLine                   0052bf24     Irvine32:Irvine32.obj
 0003:00125f46       ??0003                     0052bf46     Irvine32:Irvine32.obj
 0003:00125f49       ??0004                     0052bf49     Irvine32:Irvine32.obj
 0003:00125f4b       ??0005                     0052bf4b     Irvine32:Irvine32.obj
 0003:00125f4d       saveIP                     0052bf4d     Irvine32:Irvine32.obj
 0003:00125f51       saveESP                    0052bf51     Irvine32:Irvine32.obj
 0003:00125f55       ??0006                     0052bf55     Irvine32:Irvine32.obj
 0003:00125f5c       ??0007                     0052bf5c     Irvine32:Irvine32.obj
 0003:00125f63       ??0008                     0052bf63     Irvine32:Irvine32.obj
 0003:00125f6a       ??0009                     0052bf6a     Irvine32:Irvine32.obj
 0003:00125f71       ??000A                     0052bf71     Irvine32:Irvine32.obj
 0003:00125f78       ??000B                     0052bf78     Irvine32:Irvine32.obj
 0003:00125f7f       ??000C                     0052bf7f     Irvine32:Irvine32.obj
 0003:00125f86       ??000D                     0052bf86     Irvine32:Irvine32.obj
 0003:00125f8d       ??000E                     0052bf8d     Irvine32:Irvine32.obj
 0003:00125f94       ??000F                     0052bf94     Irvine32:Irvine32.obj
 0003:00125f9b       ??0010                     0052bf9b     Irvine32:Irvine32.obj
 0003:00125fa0       ??0011                     0052bfa0     Irvine32:Irvine32.obj
 0003:00125fa2       ??0013                     0052bfa2     Irvine32:Irvine32.obj
 0003:00125fa7       ??0014                     0052bfa7     Irvine32:Irvine32.obj
 0003:00125fa9       ??0016                     0052bfa9     Irvine32:Irvine32.obj
 0003:00125fae       ??0017                     0052bfae     Irvine32:Irvine32.obj
 0003:00125fb0       ??0019                     0052bfb0     Irvine32:Irvine32.obj
 0003:00125fb5       ??001A                     0052bfb5     Irvine32:Irvine32.obj
 0003:00125fb7       ??001C                     0052bfb7     Irvine32:Irvine32.obj
 0003:00125fbc       ??001D                     0052bfbc     Irvine32:Irvine32.obj
 0003:00125fbe       ??001F                     0052bfbe     Irvine32:Irvine32.obj
 0003:00125fc3       ??0020                     0052bfc3     Irvine32:Irvine32.obj
 0003:00125fc5       _cursorPosition            0052bfc5     Irvine32:Irvine32.obj
 0003:00125fc9       @zx02abc_def_caption       0052bfc9     Irvine32:Irvine32.obj
 0003:00125fcb       @zq02abc_def_caption       0052bfcb     Irvine32:Irvine32.obj
 0003:00125fcd       overflow_msgL              0052bfcd     Irvine32:Irvine32.obj
 0003:00125fe8       invalid_msgL               0052bfe8     Irvine32:Irvine32.obj
 0003:00125ffb       seed                       0052bffb     Irvine32:Irvine32.obj
 0003:00125fff       xbtable                    0052bfff     Irvine32:Irvine32.obj
 0003:00126016       numVal                     0052c016     Irvine32:Irvine32.obj
 0003:0012601a       charVal                    0052c01a     Irvine32:Irvine32.obj
 0003:0012601b       evBuffer                   0052c01b     Irvine32:Irvine32.obj
 0003:0012602f       evRepeat                   0052c02f     Irvine32:Irvine32.obj
 0003:00126031       SpecialCases               0052c031     Irvine32:Irvine32.obj
 0003:00126072       _$$temp                    0052c072     Irvine32:Irvine32.obj
 0003:00126076       waitmsgstr                 0052c076     Irvine32:Irvine32.obj
 0003:00126093       bufferL                    0052c093     Irvine32:Irvine32.obj
 0003:001260a0       bufferLHB                  0052c0a0     Irvine32:Irvine32.obj
 0003:001260a9       buffer_B                   0052c0a9     Irvine32:Irvine32.obj
 0003:001260b6       neg_flag                   0052c0b6     Irvine32:Irvine32.obj
 0003:001260b7       LblStack                   0052c0b7     Irvine32:Irvine32.obj
 0003:001260c4       LblFor                     0052c0c4     Irvine32:Irvine32.obj
 0003:001260c9       LblEbp                     0052c0c9     Irvine32:Irvine32.obj
 0003:001260cf       LblParam                   0052c0cf     Irvine32:Irvine32.obj
 0003:001260dc       LblEbpPtr                  0052c0dc     Irvine32:Irvine32.obj
 0003:001260f2       LblSaved                   0052c0f2     Irvine32:Irvine32.obj
 0003:00126104       LblLocal                   0052c104     Irvine32:Irvine32.obj
 0003:00126116       LblReturn                  0052c116     Irvine32:Irvine32.obj
 0003:00126128       LblEsp                     0052c128     Irvine32:Irvine32.obj
 0003:00126134       BadStackFrameMsg           0052c134     Irvine32:Irvine32.obj
 0003:0012614f       NoName                     0052c14f     Irvine32:Irvine32.obj
 0003:00126150       WriteToFile_1              0052c150     Irvine32:Irvine32.obj
 0003:00126154       WriteWindowsMsg_1          0052c154     Irvine32:Irvine32.obj
 0003:0012615b       WriteWindowsMsg_2          0052c15b     Irvine32:Irvine32.obj
 0003:0012615e       pErrorMsg                  0052c15e     Irvine32:Irvine32.obj
 0003:00126162       messageId                  0052c162     Irvine32:Irvine32.obj
 0003:00126420       consoleInHandle            0052c420     Irvine32:Irvine32.obj
 0003:00126424       consoleOutHandle           0052c424     Irvine32:Irvine32.obj
 0003:00126428       bytesWritten               0052c428     Irvine32:Irvine32.obj
 0003:0012642c       eflags                     0052c42c     Irvine32:Irvine32.obj
 0003:00126430       digitBuffer                0052c430     Irvine32:Irvine32.obj
 0003:00126481       buffer                     0052c481     Irvine32:Irvine32.obj
 0003:00126681       bytesRead                  0052c681     Irvine32:Irvine32.obj
 0003:00126685       sysTime                    0052c685     Irvine32:Irvine32.obj
 0004:000003c0       .idata$6                   0052d3c0     kernel32:KERNEL32.dll
 0004:000003dc       .idata$6                   0052d3dc     user32:USER32.dll
 0005:00000170       $R000000                   0052e170     * linker generated manifest res *
