 steghide_assembly

 Timestamp is 657bcabf (Fri Dec 15 11:40:47 2023)

 Preferred load address is 00400000

 Start         Length     Name                   Class
 0001:00000000 000026a0H .text                   CODE
 0001:000026a0 00001323H .text$mn                CODE
 0002:00000000 00000144H .rdata                  DATA
 0002:00000143 00000000H .edata                  DATA
 0002:00000144 00000186H .rdata$zzzdbg           DATA
 0003:00000000 00000ee0H .data                   DATA
 0003:00000ee0 000002f2H .bss                    DATA
 0004:00000000 000000d4H .idata$5                DATA
 0004:000000d4 00000028H .idata$2                DATA
 0004:000000fc 00000014H .idata$3                DATA
 0004:00000110 000000d4H .idata$4                DATA
 0004:000001e4 00000337H .idata$6                DATA
 0005:00000000 00000170H .rsrc$01                DATA
 0005:00000170 000002ccH .rsrc$02                DATA

  Address         Publics by Value              Rva+Base       Lib:Object

 0000:00000000       ___hybrid_auxiliary_iat_copy 00000000     <absolute>
 0000:00000000       ___guard_fids_table        00000000     <absolute>
 0000:00000000       ___enclave_config          00000000     <absolute>
 0000:00000000       ___arm64x_redirection_metadata_count 00000000     <absolute>
 0000:00000000       ___guard_check_icall_a64n_fptr 00000000     <absolute>
 0000:00000000       ___guard_longjmp_count     00000000     <absolute>
 0000:00000000       ___safe_se_handler_count   00000000     <absolute>
 0000:00000000       ___guard_iat_table         00000000     <absolute>
 0000:00000000       ___x64_code_ranges_to_entry_points_count 00000000     <absolute>
 0000:00000000       ___guard_iat_count         00000000     <absolute>
 0000:00000000       ___guard_eh_cont_table     00000000     <absolute>
 0000:00000000       ___guard_fids_count        00000000     <absolute>
 0000:00000000       ___AbsoluteZero            00000000     <absolute>
 0000:00000000       ___guard_flags             00000000     <absolute>
 0000:00000000       ___safe_se_handler_table   00000000     <absolute>
 0000:00000000       ___arm64x_native_entrypoint 00000000     <absolute>
 0000:00000000       ___guard_longjmp_table     00000000     <absolute>
 0000:00000000       ___dynamic_value_reloc_table 00000000     <absolute>
 0000:00000000       ___volatile_metadata       00000000     <absolute>
 0000:00000000       ___hybrid_auxiliary_iat    00000000     <absolute>
 0000:00000000       ___arm64x_extra_rfe_table  00000000     <absolute>
 0000:00000000       ___arm64x_redirection_metadata 00000000     <absolute>
 0000:00000000       ___guard_eh_cont_count     00000000     <absolute>
 0000:00000000       ___hybrid_code_map_count   00000000     <absolute>
 0000:00000000       ___x64_code_ranges_to_entry_points 00000000     <absolute>
 0000:00000000       ___hybrid_code_map         00000000     <absolute>
 0000:00000000       ___arm64x_extra_rfe_table_size 00000000     <absolute>
 0001:00000240       _CloseFile@0               00401240 f   Irvine32:Irvine32.obj
 0001:00000247       _Clrscr@0                  00401247 f   Irvine32:Irvine32.obj
 0001:0000030c       _CreateOutputFile@0        0040130c f   Irvine32:Irvine32.obj
 0001:00000325       _Crlf@0                    00401325 f   Irvine32:Irvine32.obj
 0001:00000340       _Delay@0                   00401340 f   Irvine32:Irvine32.obj
 0001:00000349       _DumpMem@0                 00401349 f   Irvine32:Irvine32.obj
 0001:00000404       _DumpRegs@0                00401404 f   Irvine32:Irvine32.obj
 0001:000005ff       _GetCommandTail@0          004015ff f   Irvine32:Irvine32.obj
 0001:0000063c       _GetDateTime@4             0040163c f   Irvine32:Irvine32.obj
 0001:0000066e       _GetMaxXY@0                0040166e f   Irvine32:Irvine32.obj
 0001:0000069d       _GetMseconds@0             0040169d f   Irvine32:Irvine32.obj
 0001:000006fa       _GetTextColor@0            004016fa f   Irvine32:Irvine32.obj
 0001:00000725       _Gotoxy@0                  00401725 f   Irvine32:Irvine32.obj
 0001:0000077d       _IsDigit@0                 0040177d f   Irvine32:Irvine32.obj
 0001:0000078a       _MsgBox@0                  0040178a f   Irvine32:Irvine32.obj
 0001:000007a1       _MsgBoxAsk@0               004017a1 f   Irvine32:Irvine32.obj
 0001:000007c0       _OpenInputFile@0           004017c0 f   Irvine32:Irvine32.obj
 0001:000007d9       _ParseDecimal32@0          004017d9 f   Irvine32:Irvine32.obj
 0001:0000083b       _ParseInteger32@0          0040183b f   Irvine32:Irvine32.obj
 0001:000008f6       _Random32@0                004018f6 f   Irvine32:Irvine32.obj
 0001:00000911       _RandomRange@0             00401911 f   Irvine32:Irvine32.obj
 0001:00000926       _Randomize@0               00401926 f   Irvine32:Irvine32.obj
 0001:0000093f       _ReadChar@0                0040193f f   Irvine32:Irvine32.obj
 0001:00000955       _ReadDec@0                 00401955 f   Irvine32:Irvine32.obj
 0001:00000970       _ReadFromFile@0            00401970 f   Irvine32:Irvine32.obj
 0001:00000993       _ReadHex@0                 00401993 f   Irvine32:Irvine32.obj
 0001:00000a14       _ReadInt@0                 00401a14 f   Irvine32:Irvine32.obj
 0001:00000a2f       _ReadKey@0                 00401a2f f   Irvine32:Irvine32.obj
 0001:00000b4a       _ReadKeyFlush@0            00401b4a f   Irvine32:Irvine32.obj
 0001:00000c18       _ReadString@0              00401c18 f   Irvine32:Irvine32.obj
 0001:00000cd1       _SetTextColor@0            00401cd1 f   Irvine32:Irvine32.obj
 0001:00000cf2       _StrLength@0               00401cf2 f   Irvine32:Irvine32.obj
 0001:00000d03       _Str_compare@8             00401d03 f   Irvine32:Irvine32.obj
 0001:00000d2d       _Str_copy@8                00401d2d f   Irvine32:Irvine32.obj
 0001:00000d50       _Str_length@4              00401d50 f   Irvine32:Irvine32.obj
 0001:00000d6a       _Str_trim@8                00401d6a f   Irvine32:Irvine32.obj
 0001:00000d98       _Str_ucase@4               00401d98 f   Irvine32:Irvine32.obj
 0001:00000dba       _WaitMsg@0                 00401dba f   Irvine32:Irvine32.obj
 0001:00000dcc       _WriteBin@0                00401dcc f   Irvine32:Irvine32.obj
 0001:00000dd9       _WriteBinB@0               00401dd9 f   Irvine32:Irvine32.obj
 0001:00000e2c       _WriteChar@0               00401e2c f   Irvine32:Irvine32.obj
 0001:00000e5e       _WriteDec@0                00401e5e f   Irvine32:Irvine32.obj
 0001:00000e9f       _WriteHex@0                00401e9f f   Irvine32:Irvine32.obj
 0001:00000eac       _WriteHexB@0               00401eac f   Irvine32:Irvine32.obj
 0001:00000f3e       _WriteInt@0                00401f3e f   Irvine32:Irvine32.obj
 0001:00000f9f       _WriteStackFrameName@16    00401f9f f   Irvine32:Irvine32.obj
 0001:0000111f       _WriteStackFrame@12        0040211f f   Irvine32:Irvine32.obj
 0001:00001139       _WriteString@0             00402139 f   Irvine32:Irvine32.obj
 0001:00001165       _WriteToFile@0             00402165 f   Irvine32:Irvine32.obj
 0001:0000117a       _WriteWindowsMsg@0         0040217a f   Irvine32:Irvine32.obj
 0001:000026a0       _encryptOneByte@8          004036a0 f   encrypt.obj
 0001:000026d1       _HideTheFile@20            004036d1 f   encrypt.obj
 0001:0000272a       _extractByte@4             0040372a f   encrypt.obj
 0001:00002762       _unHideTheFile@16          00403762 f   encrypt.obj
 0001:00002870       _File2Byte@4               00403870 f   file2byte.obj
 0001:000028f0       _main@0                    004038f0 f   main.obj
 0001:000028fd       _CloseHandle@4             004038fd f   kernel32:KERNEL32.dll
 0001:00002903       _CreateFileA@28            00403903 f   kernel32:KERNEL32.dll
 0001:00002909       _ReadFile@20               00403909 f   kernel32:KERNEL32.dll
 0001:0000290f       _FormatMessageA@28         0040390f f   kernel32:KERNEL32.dll
 0001:00002915       _FlushConsoleInputBuffer@4 00403915 f   kernel32:KERNEL32.dll
 0001:0000291b       _GetCommandLineA@0         0040391b f   kernel32:KERNEL32.dll
 0001:00002921       _GetConsoleMode@8          00403921 f   kernel32:KERNEL32.dll
 0001:00002927       _GetConsoleScreenBufferInfo@8 00403927 f   kernel32:KERNEL32.dll
 0001:0000292d       _GetLastError@0            0040392d f   kernel32:KERNEL32.dll
 0001:00002933       _GetLocalTime@4            00403933 f   kernel32:KERNEL32.dll
 0001:00002939       _GetStdHandle@4            00403939 f   kernel32:KERNEL32.dll
 0001:0000293f       _GetSystemTime@4           0040393f f   kernel32:KERNEL32.dll
 0001:00002945       _LocalFree@4               00403945 f   kernel32:KERNEL32.dll
 0001:0000294b       _PeekConsoleInputA@16      0040394b f   kernel32:KERNEL32.dll
 0001:00002951       _ReadConsoleA@20           00403951 f   kernel32:KERNEL32.dll
 0001:00002957       _ReadConsoleInputA@16      00403957 f   kernel32:KERNEL32.dll
 0001:0000295d       _SetConsoleCursorPosition@8 0040395d f   kernel32:KERNEL32.dll
 0001:00002963       _SetConsoleMode@8          00403963 f   kernel32:KERNEL32.dll
 0001:00002969       _SetConsoleTextAttribute@8 00403969 f   kernel32:KERNEL32.dll
 0001:0000296f       _Sleep@4                   0040396f f   kernel32:KERNEL32.dll
 0001:00002975       _SystemTimeToFileTime@8    00403975 f   kernel32:KERNEL32.dll
 0001:0000297b       _WriteConsoleA@20          0040397b f   kernel32:KERNEL32.dll
 0001:00002981       _WriteConsoleOutputCharacterA@20 00403981 f   kernel32:KERNEL32.dll
 0001:00002987       _WriteConsoleOutputAttribute@20 00403987 f   kernel32:KERNEL32.dll
 0001:0000298d       _WriteFile@20              0040398d f   kernel32:KERNEL32.dll
 0001:00002993       _MessageBoxA@16            00403993 f   user32:USER32.dll
 0004:00000000       __imp__CloseHandle@4       00408000     kernel32:KERNEL32.dll
 0004:00000004       __imp__CreateFileA@28      00408004     kernel32:KERNEL32.dll
 0004:00000008       __imp__ReadFile@20         00408008     kernel32:KERNEL32.dll
 0004:0000000c       __imp__FormatMessageA@28   0040800c     kernel32:KERNEL32.dll
 0004:00000010       __imp__FlushConsoleInputBuffer@4 00408010     kernel32:KERNEL32.dll
 0004:00000014       __imp__GetCommandLineA@0   00408014     kernel32:KERNEL32.dll
 0004:00000018       __imp__GetConsoleMode@8    00408018     kernel32:KERNEL32.dll
 0004:0000001c       __imp__GetConsoleScreenBufferInfo@8 0040801c     kernel32:KERNEL32.dll
 0004:00000020       __imp__GetLastError@0      00408020     kernel32:KERNEL32.dll
 0004:00000024       __imp__GetLocalTime@4      00408024     kernel32:KERNEL32.dll
 0004:00000028       __imp__GetStdHandle@4      00408028     kernel32:KERNEL32.dll
 0004:0000002c       __imp__GetSystemTime@4     0040802c     kernel32:KERNEL32.dll
 0004:00000030       __imp__LocalFree@4         00408030     kernel32:KERNEL32.dll
 0004:00000034       __imp__PeekConsoleInputA@16 00408034     kernel32:KERNEL32.dll
 0004:00000038       __imp__ReadConsoleA@20     00408038     kernel32:KERNEL32.dll
 0004:0000003c       __imp__ReadConsoleInputA@16 0040803c     kernel32:KERNEL32.dll
 0004:00000040       __imp__SetConsoleCursorPosition@8 00408040     kernel32:KERNEL32.dll
 0004:00000044       __imp__SetConsoleMode@8    00408044     kernel32:KERNEL32.dll
 0004:00000048       __imp__SetConsoleTextAttribute@8 00408048     kernel32:KERNEL32.dll
 0004:0000004c       __imp__Sleep@4             0040804c     kernel32:KERNEL32.dll
 0004:00000050       __imp__SystemTimeToFileTime@8 00408050     kernel32:KERNEL32.dll
 0004:00000054       __imp__WriteConsoleA@20    00408054     kernel32:KERNEL32.dll
 0004:00000058       __imp__WriteConsoleOutputCharacterA@20 00408058     kernel32:KERNEL32.dll
 0004:0000005c       __imp__WriteConsoleOutputAttribute@20 0040805c     kernel32:KERNEL32.dll
 0004:00000060       __imp__WriteFile@20        00408060     kernel32:KERNEL32.dll
 0004:00000064       \177KERNEL32_NULL_THUNK_DATA 00408064     kernel32:KERNEL32.dll
 0004:000000a4       __imp__MessageBoxA@16      004080a4     user32:USER32.dll
 0004:000000a8       \177USER32_NULL_THUNK_DATA 004080a8     user32:USER32.dll
 0004:000000d4       __IMPORT_DESCRIPTOR_KERNEL32 004080d4     kernel32:KERNEL32.dll
 0004:000000e8       __IMPORT_DESCRIPTOR_USER32 004080e8     user32:USER32.dll
 0004:000000fc       __NULL_IMPORT_DESCRIPTOR   004080fc     kernel32:KERNEL32.dll

 entry point at        0001:000000b9

 Static symbols

 0000:ffff5000       .debug$S                   00400000     kernel32:KERNEL32.dll
 0000:ffff5000       .debug$S                   00400000     kernel32:KERNEL32.dll
 0000:ffff5000       .debug$S                   00400000     kernel32:KERNEL32.dll
 0000:ffff5000       .debug$S                   00400000     kernel32:KERNEL32.dll
 0000:ffff5000       .debug$S                   00400000     kernel32:KERNEL32.dll
 0000:ffff5000       .debug$S                   00400000     kernel32:KERNEL32.dll
 0000:ffff5000       .debug$S                   00400000     kernel32:KERNEL32.dll
 0000:ffff5000       .debug$S                   00400000     kernel32:KERNEL32.dll
 0000:ffff5000       .debug$S                   00400000     kernel32:KERNEL32.dll
 0000:ffff5000       .debug$S                   00400000     kernel32:KERNEL32.dll
 0000:ffff5000       .debug$S                   00400000     kernel32:KERNEL32.dll
 0000:ffff5000       .debug$S                   00400000     kernel32:KERNEL32.dll
 0000:ffff5000       .debug$S                   00400000     kernel32:KERNEL32.dll
 0000:ffff5000       .debug$S                   00400000     kernel32:KERNEL32.dll
 0000:ffff5000       .debug$S                   00400000     kernel32:KERNEL32.dll
 0000:ffff5000       .debug$S                   00400000     kernel32:KERNEL32.dll
 0000:ffff5000       .debug$S                   00400000     kernel32:KERNEL32.dll
 0000:ffff5000       .debug$S                   00400000     kernel32:KERNEL32.dll
 0000:ffff5000       .debug$S                   00400000     kernel32:KERNEL32.dll
 0000:ffff5000       .debug$S                   00400000     kernel32:KERNEL32.dll
 0000:ffff5000       .debug$S                   00400000     kernel32:KERNEL32.dll
 0000:ffff5000       .debug$S                   00400000     kernel32:KERNEL32.dll
 0000:ffff5000       .debug$S                   00400000     kernel32:KERNEL32.dll
 0000:ffff5000       .debug$S                   00400000     kernel32:KERNEL32.dll
 0000:ffff5000       .debug$S                   00400000     kernel32:KERNEL32.dll
 0000:ffff5000       .debug$S                   00400000     user32:USER32.dll
 0001:00000634       _scan_for_quote@0          00401634 f   Irvine32:Irvine32.obj
 0001:0000075b       _Initialize@0              0040175b f   Irvine32:Irvine32.obj
 0001:00000b5f       _ReadKeyTranslate@0        00401b5f f   Irvine32:Irvine32.obj
 0001:000011d5       _AsciiDigit@0              004021d5 f   Irvine32:Irvine32.obj
 0001:000011de       _HexByte@0                 004021de f   Irvine32:Irvine32.obj
 0001:000026a0       $$000000                   004036a0     encrypt.obj
 0001:00002870       $$000000                   00403870     file2byte.obj
 0001:000028f0       $$000000                   004038f0     main.obj
 0003:00000000       img                        00406000     encrypt.obj
 0003:00000100       encrpyt                    00406100     encrypt.obj
 0003:0000010b       decrpyt                    0040610b     encrypt.obj
 0003:00000115       decrpytFileType            00406115     encrypt.obj
 0003:00000150       fileHandle                 00406150     file2byte.obj
 0003:00000154       Buffer                     00406154     file2byte.obj
 0003:000002e4       BytesRead                  004062e4     file2byte.obj
 0003:000002e8       errMsg                     004062e8     file2byte.obj
 0003:00000350       filename                   00406350     main.obj
 0003:00000386       errMsg                     00406386     main.obj
 0003:000003b0       InitFlag                   004063b0     Irvine32:Irvine32.obj
 0003:000003b1       xtable                     004063b1     Irvine32:Irvine32.obj
 0003:000003c1       blanks                     004063c1     Irvine32:Irvine32.obj
 0003:000005c1       attribs                    004065c1     Irvine32:Irvine32.obj
 0003:000009c1       lineLength                 004069c1     Irvine32:Irvine32.obj
 0003:000009c5       cursorLoc                  004069c5     Irvine32:Irvine32.obj
 0003:000009c9       count                      004069c9     Irvine32:Irvine32.obj
 0003:000009cd       ??0002                     004069cd     Irvine32:Irvine32.obj
 0003:000009d2       dumpPrompt                 004069d2     Irvine32:Irvine32.obj
 0003:000009e4       dashLine                   004069e4     Irvine32:Irvine32.obj
 0003:00000a06       ??0003                     00406a06     Irvine32:Irvine32.obj
 0003:00000a09       ??0004                     00406a09     Irvine32:Irvine32.obj
 0003:00000a0b       ??0005                     00406a0b     Irvine32:Irvine32.obj
 0003:00000a0d       saveIP                     00406a0d     Irvine32:Irvine32.obj
 0003:00000a11       saveESP                    00406a11     Irvine32:Irvine32.obj
 0003:00000a15       ??0006                     00406a15     Irvine32:Irvine32.obj
 0003:00000a1c       ??0007                     00406a1c     Irvine32:Irvine32.obj
 0003:00000a23       ??0008                     00406a23     Irvine32:Irvine32.obj
 0003:00000a2a       ??0009                     00406a2a     Irvine32:Irvine32.obj
 0003:00000a31       ??000A                     00406a31     Irvine32:Irvine32.obj
 0003:00000a38       ??000B                     00406a38     Irvine32:Irvine32.obj
 0003:00000a3f       ??000C                     00406a3f     Irvine32:Irvine32.obj
 0003:00000a46       ??000D                     00406a46     Irvine32:Irvine32.obj
 0003:00000a4d       ??000E                     00406a4d     Irvine32:Irvine32.obj
 0003:00000a54       ??000F                     00406a54     Irvine32:Irvine32.obj
 0003:00000a5b       ??0010                     00406a5b     Irvine32:Irvine32.obj
 0003:00000a60       ??0011                     00406a60     Irvine32:Irvine32.obj
 0003:00000a62       ??0013                     00406a62     Irvine32:Irvine32.obj
 0003:00000a67       ??0014                     00406a67     Irvine32:Irvine32.obj
 0003:00000a69       ??0016                     00406a69     Irvine32:Irvine32.obj
 0003:00000a6e       ??0017                     00406a6e     Irvine32:Irvine32.obj
 0003:00000a70       ??0019                     00406a70     Irvine32:Irvine32.obj
 0003:00000a75       ??001A                     00406a75     Irvine32:Irvine32.obj
 0003:00000a77       ??001C                     00406a77     Irvine32:Irvine32.obj
 0003:00000a7c       ??001D                     00406a7c     Irvine32:Irvine32.obj
 0003:00000a7e       ??001F                     00406a7e     Irvine32:Irvine32.obj
 0003:00000a83       ??0020                     00406a83     Irvine32:Irvine32.obj
 0003:00000a85       _cursorPosition            00406a85     Irvine32:Irvine32.obj
 0003:00000a89       @zx02abc_def_caption       00406a89     Irvine32:Irvine32.obj
 0003:00000a8b       @zq02abc_def_caption       00406a8b     Irvine32:Irvine32.obj
 0003:00000a8d       overflow_msgL              00406a8d     Irvine32:Irvine32.obj
 0003:00000aa8       invalid_msgL               00406aa8     Irvine32:Irvine32.obj
 0003:00000abb       seed                       00406abb     Irvine32:Irvine32.obj
 0003:00000abf       xbtable                    00406abf     Irvine32:Irvine32.obj
 0003:00000ad6       numVal                     00406ad6     Irvine32:Irvine32.obj
 0003:00000ada       charVal                    00406ada     Irvine32:Irvine32.obj
 0003:00000adb       evBuffer                   00406adb     Irvine32:Irvine32.obj
 0003:00000aef       evRepeat                   00406aef     Irvine32:Irvine32.obj
 0003:00000af1       SpecialCases               00406af1     Irvine32:Irvine32.obj
 0003:00000b32       _$$temp                    00406b32     Irvine32:Irvine32.obj
 0003:00000b36       waitmsgstr                 00406b36     Irvine32:Irvine32.obj
 0003:00000b53       bufferL                    00406b53     Irvine32:Irvine32.obj
 0003:00000b60       bufferLHB                  00406b60     Irvine32:Irvine32.obj
 0003:00000b69       buffer_B                   00406b69     Irvine32:Irvine32.obj
 0003:00000b76       neg_flag                   00406b76     Irvine32:Irvine32.obj
 0003:00000b77       LblStack                   00406b77     Irvine32:Irvine32.obj
 0003:00000b84       LblFor                     00406b84     Irvine32:Irvine32.obj
 0003:00000b89       LblEbp                     00406b89     Irvine32:Irvine32.obj
 0003:00000b8f       LblParam                   00406b8f     Irvine32:Irvine32.obj
 0003:00000b9c       LblEbpPtr                  00406b9c     Irvine32:Irvine32.obj
 0003:00000bb2       LblSaved                   00406bb2     Irvine32:Irvine32.obj
 0003:00000bc4       LblLocal                   00406bc4     Irvine32:Irvine32.obj
 0003:00000bd6       LblReturn                  00406bd6     Irvine32:Irvine32.obj
 0003:00000be8       LblEsp                     00406be8     Irvine32:Irvine32.obj
 0003:00000bf4       BadStackFrameMsg           00406bf4     Irvine32:Irvine32.obj
 0003:00000c0f       NoName                     00406c0f     Irvine32:Irvine32.obj
 0003:00000c10       WriteToFile_1              00406c10     Irvine32:Irvine32.obj
 0003:00000c14       WriteWindowsMsg_1          00406c14     Irvine32:Irvine32.obj
 0003:00000c1b       WriteWindowsMsg_2          00406c1b     Irvine32:Irvine32.obj
 0003:00000c1e       pErrorMsg                  00406c1e     Irvine32:Irvine32.obj
 0003:00000c22       messageId                  00406c22     Irvine32:Irvine32.obj
 0003:00000ee0       consoleInHandle            00406ee0     Irvine32:Irvine32.obj
 0003:00000ee4       consoleOutHandle           00406ee4     Irvine32:Irvine32.obj
 0003:00000ee8       bytesWritten               00406ee8     Irvine32:Irvine32.obj
 0003:00000eec       eflags                     00406eec     Irvine32:Irvine32.obj
 0003:00000ef0       digitBuffer                00406ef0     Irvine32:Irvine32.obj
 0003:00000f41       buffer                     00406f41     Irvine32:Irvine32.obj
 0003:00001141       bytesRead                  00407141     Irvine32:Irvine32.obj
 0003:00001145       sysTime                    00407145     Irvine32:Irvine32.obj
 0004:000003c0       .idata$6                   004083c0     kernel32:KERNEL32.dll
 0004:000003dc       .idata$6                   004083dc     user32:USER32.dll
 0005:00000170       $R000000                   00409170     * linker generated manifest res *
