 steghide_assembly

 Timestamp is 657dc5af (Sat Dec 16 23:43:43 2023)

 Preferred load address is 00400000

 Start         Length     Name                   Class
 0001:00000000 000026a0H .text                   CODE
 0001:000026a0 000016f1H .text$mn                CODE
 0002:00000000 00000144H .rdata                  DATA
 0002:00000143 00000000H .edata                  DATA
 0002:00000144 00000186H .rdata$zzzdbg           DATA
 0003:00000000 00250ee0H .data                   DATA
 0003:00250ee0 000002f2H .bss                    DATA
 0004:00000000 000000d8H .idata$5                DATA
 0004:000000d8 00000028H .idata$2                DATA
 0004:00000100 00000014H .idata$3                DATA
 0004:00000114 000000d8H .idata$4                DATA
 0004:000001ec 00000347H .idata$6                DATA
 0005:00000000 00000170H .rsrc$01                DATA
 0005:00000170 000002ccH .rsrc$02                DATA

  Address         Publics by Value              Rva+Base       Lib:Object

 0000:00000000       ___guard_longjmp_table     00000000     <absolute>
 0000:00000000       ___hybrid_code_map         00000000     <absolute>
 0000:00000000       ___volatile_metadata       00000000     <absolute>
 0000:00000000       ___hybrid_code_map_count   00000000     <absolute>
 0000:00000000       ___guard_fids_count        00000000     <absolute>
 0000:00000000       ___hybrid_auxiliary_iat    00000000     <absolute>
 0000:00000000       ___guard_fids_table        00000000     <absolute>
 0000:00000000       ___AbsoluteZero            00000000     <absolute>
 0000:00000000       ___safe_se_handler_count   00000000     <absolute>
 0000:00000000       ___guard_iat_table         00000000     <absolute>
 0000:00000000       ___safe_se_handler_table   00000000     <absolute>
 0000:00000000       ___guard_iat_count         00000000     <absolute>
 0000:00000000       ___enclave_config          00000000     <absolute>
 0000:00000000       ___dynamic_value_reloc_table 00000000     <absolute>
 0000:00000000       ___guard_longjmp_count     00000000     <absolute>
 0000:00000000       ___guard_flags             00000000     <absolute>
 0001:00000240       _CloseFile@0               00401240 f   Irvine32:Irvine32.obj
 0001:00000247       _Clrscr@0                  00401247 f   Irvine32:Irvine32.obj
 0001:0000030c       _CreateOutputFile@0        0040130c f   Irvine32:Irvine32.obj
 0001:00000325       _Crlf@0                    00401325 f   Irvine32:Irvine32.obj
 0001:00000340       _Delay@0                   00401340 f   Irvine32:Irvine32.obj
 0001:00000349       _DumpMem@0                 00401349 f   Irvine32:Irvine32.obj
 0001:00000404       _DumpRegs@0                00401404 f   Irvine32:Irvine32.obj
 0001:000005ff       _GetCommandTail@0          004015ff f   Irvine32:Irvine32.obj
 0001:0000063c       _GetDateTime@4             0040163c f   Irvine32:Irvine32.obj
 0001:0000066e       _GetMaxXY@0                0040166e f   Irvine32:Irvine32.obj
 0001:0000069d       _GetMseconds@0             0040169d f   Irvine32:Irvine32.obj
 0001:000006fa       _GetTextColor@0            004016fa f   Irvine32:Irvine32.obj
 0001:00000725       _Gotoxy@0                  00401725 f   Irvine32:Irvine32.obj
 0001:0000077d       _IsDigit@0                 0040177d f   Irvine32:Irvine32.obj
 0001:0000078a       _MsgBox@0                  0040178a f   Irvine32:Irvine32.obj
 0001:000007a1       _MsgBoxAsk@0               004017a1 f   Irvine32:Irvine32.obj
 0001:000007c0       _OpenInputFile@0           004017c0 f   Irvine32:Irvine32.obj
 0001:000007d9       _ParseDecimal32@0          004017d9 f   Irvine32:Irvine32.obj
 0001:0000083b       _ParseInteger32@0          0040183b f   Irvine32:Irvine32.obj
 0001:000008f6       _Random32@0                004018f6 f   Irvine32:Irvine32.obj
 0001:00000911       _RandomRange@0             00401911 f   Irvine32:Irvine32.obj
 0001:00000926       _Randomize@0               00401926 f   Irvine32:Irvine32.obj
 0001:0000093f       _ReadChar@0                0040193f f   Irvine32:Irvine32.obj
 0001:00000955       _ReadDec@0                 00401955 f   Irvine32:Irvine32.obj
 0001:00000970       _ReadFromFile@0            00401970 f   Irvine32:Irvine32.obj
 0001:00000993       _ReadHex@0                 00401993 f   Irvine32:Irvine32.obj
 0001:00000a14       _ReadInt@0                 00401a14 f   Irvine32:Irvine32.obj
 0001:00000a2f       _ReadKey@0                 00401a2f f   Irvine32:Irvine32.obj
 0001:00000b4a       _ReadKeyFlush@0            00401b4a f   Irvine32:Irvine32.obj
 0001:00000c18       _ReadString@0              00401c18 f   Irvine32:Irvine32.obj
 0001:00000cd1       _SetTextColor@0            00401cd1 f   Irvine32:Irvine32.obj
 0001:00000cf2       _StrLength@0               00401cf2 f   Irvine32:Irvine32.obj
 0001:00000d03       _Str_compare@8             00401d03 f   Irvine32:Irvine32.obj
 0001:00000d2d       _Str_copy@8                00401d2d f   Irvine32:Irvine32.obj
 0001:00000d50       _Str_length@4              00401d50 f   Irvine32:Irvine32.obj
 0001:00000d6a       _Str_trim@8                00401d6a f   Irvine32:Irvine32.obj
 0001:00000d98       _Str_ucase@4               00401d98 f   Irvine32:Irvine32.obj
 0001:00000dba       _WaitMsg@0                 00401dba f   Irvine32:Irvine32.obj
 0001:00000dcc       _WriteBin@0                00401dcc f   Irvine32:Irvine32.obj
 0001:00000dd9       _WriteBinB@0               00401dd9 f   Irvine32:Irvine32.obj
 0001:00000e2c       _WriteChar@0               00401e2c f   Irvine32:Irvine32.obj
 0001:00000e5e       _WriteDec@0                00401e5e f   Irvine32:Irvine32.obj
 0001:00000e9f       _WriteHex@0                00401e9f f   Irvine32:Irvine32.obj
 0001:00000eac       _WriteHexB@0               00401eac f   Irvine32:Irvine32.obj
 0001:00000f3e       _WriteInt@0                00401f3e f   Irvine32:Irvine32.obj
 0001:00000f9f       _WriteStackFrameName@16    00401f9f f   Irvine32:Irvine32.obj
 0001:0000111f       _WriteStackFrame@12        0040211f f   Irvine32:Irvine32.obj
 0001:00001139       _WriteString@0             00402139 f   Irvine32:Irvine32.obj
 0001:00001165       _WriteToFile@0             00402165 f   Irvine32:Irvine32.obj
 0001:0000117a       _WriteWindowsMsg@0         0040217a f   Irvine32:Irvine32.obj
 0001:000026a0       _byte2file@16              004036a0 f   byte2file.obj
 0001:00002850       _encryptOneByte@8          00403850 f   encrypt.obj
 0001:00002881       _HideTheFile@20            00403881 f   encrypt.obj
 0001:000028da       _extractByte@4             004038da f   encrypt.obj
 0001:00002912       _unHideTheFile@16          00403912 f   encrypt.obj
 0001:00002a30       _File2Byte@4               00403a30 f   file2byte.obj
 0001:00002ac0       _main@0                    00403ac0 f   main.obj
 0001:00002cc1       _CreateFileA@28            00403cc1 f   kernel32:KERNEL32.dll
 0001:00002cc7       _WriteFile@20              00403cc7 f   kernel32:KERNEL32.dll
 0001:00002ccd       _CloseHandle@4             00403ccd f   kernel32:KERNEL32.dll
 0001:00002cd3       _ReadFile@20               00403cd3 f   kernel32:KERNEL32.dll
 0001:00002cd9       _ExitProcess@4             00403cd9 f   kernel32:KERNEL32.dll
 0001:00002cdf       _FormatMessageA@28         00403cdf f   kernel32:KERNEL32.dll
 0001:00002ce5       _FlushConsoleInputBuffer@4 00403ce5 f   kernel32:KERNEL32.dll
 0001:00002ceb       _GetCommandLineA@0         00403ceb f   kernel32:KERNEL32.dll
 0001:00002cf1       _GetConsoleMode@8          00403cf1 f   kernel32:KERNEL32.dll
 0001:00002cf7       _GetConsoleScreenBufferInfo@8 00403cf7 f   kernel32:KERNEL32.dll
 0001:00002cfd       _GetLastError@0            00403cfd f   kernel32:KERNEL32.dll
 0001:00002d03       _GetLocalTime@4            00403d03 f   kernel32:KERNEL32.dll
 0001:00002d09       _GetStdHandle@4            00403d09 f   kernel32:KERNEL32.dll
 0001:00002d0f       _GetSystemTime@4           00403d0f f   kernel32:KERNEL32.dll
 0001:00002d15       _LocalFree@4               00403d15 f   kernel32:KERNEL32.dll
 0001:00002d1b       _PeekConsoleInputA@16      00403d1b f   kernel32:KERNEL32.dll
 0001:00002d21       _ReadConsoleA@20           00403d21 f   kernel32:KERNEL32.dll
 0001:00002d27       _ReadConsoleInputA@16      00403d27 f   kernel32:KERNEL32.dll
 0001:00002d2d       _SetConsoleCursorPosition@8 00403d2d f   kernel32:KERNEL32.dll
 0001:00002d33       _SetConsoleMode@8          00403d33 f   kernel32:KERNEL32.dll
 0001:00002d39       _SetConsoleTextAttribute@8 00403d39 f   kernel32:KERNEL32.dll
 0001:00002d3f       _Sleep@4                   00403d3f f   kernel32:KERNEL32.dll
 0001:00002d45       _SystemTimeToFileTime@8    00403d45 f   kernel32:KERNEL32.dll
 0001:00002d4b       _WriteConsoleA@20          00403d4b f   kernel32:KERNEL32.dll
 0001:00002d51       _WriteConsoleOutputCharacterA@20 00403d51 f   kernel32:KERNEL32.dll
 0001:00002d57       _WriteConsoleOutputAttribute@20 00403d57 f   kernel32:KERNEL32.dll
 0001:00002d5d       _MessageBoxA@16            00403d5d f   user32:USER32.dll
 0004:00000000       __imp__CreateFileA@28      00658000     kernel32:KERNEL32.dll
 0004:00000004       __imp__WriteFile@20        00658004     kernel32:KERNEL32.dll
 0004:00000008       __imp__CloseHandle@4       00658008     kernel32:KERNEL32.dll
 0004:0000000c       __imp__ReadFile@20         0065800c     kernel32:KERNEL32.dll
 0004:00000010       __imp__ExitProcess@4       00658010     kernel32:KERNEL32.dll
 0004:00000014       __imp__FormatMessageA@28   00658014     kernel32:KERNEL32.dll
 0004:00000018       __imp__FlushConsoleInputBuffer@4 00658018     kernel32:KERNEL32.dll
 0004:0000001c       __imp__GetCommandLineA@0   0065801c     kernel32:KERNEL32.dll
 0004:00000020       __imp__GetConsoleMode@8    00658020     kernel32:KERNEL32.dll
 0004:00000024       __imp__GetConsoleScreenBufferInfo@8 00658024     kernel32:KERNEL32.dll
 0004:00000028       __imp__GetLastError@0      00658028     kernel32:KERNEL32.dll
 0004:0000002c       __imp__GetLocalTime@4      0065802c     kernel32:KERNEL32.dll
 0004:00000030       __imp__GetStdHandle@4      00658030     kernel32:KERNEL32.dll
 0004:00000034       __imp__GetSystemTime@4     00658034     kernel32:KERNEL32.dll
 0004:00000038       __imp__LocalFree@4         00658038     kernel32:KERNEL32.dll
 0004:0000003c       __imp__PeekConsoleInputA@16 0065803c     kernel32:KERNEL32.dll
 0004:00000040       __imp__ReadConsoleA@20     00658040     kernel32:KERNEL32.dll
 0004:00000044       __imp__ReadConsoleInputA@16 00658044     kernel32:KERNEL32.dll
 0004:00000048       __imp__SetConsoleCursorPosition@8 00658048     kernel32:KERNEL32.dll
 0004:0000004c       __imp__SetConsoleMode@8    0065804c     kernel32:KERNEL32.dll
 0004:00000050       __imp__SetConsoleTextAttribute@8 00658050     kernel32:KERNEL32.dll
 0004:00000054       __imp__Sleep@4             00658054     kernel32:KERNEL32.dll
 0004:00000058       __imp__SystemTimeToFileTime@8 00658058     kernel32:KERNEL32.dll
 0004:0000005c       __imp__WriteConsoleA@20    0065805c     kernel32:KERNEL32.dll
 0004:00000060       __imp__WriteConsoleOutputCharacterA@20 00658060     kernel32:KERNEL32.dll
 0004:00000064       __imp__WriteConsoleOutputAttribute@20 00658064     kernel32:KERNEL32.dll
 0004:00000068       \177KERNEL32_NULL_THUNK_DATA 00658068     kernel32:KERNEL32.dll
 0004:000000a8       __imp__MessageBoxA@16      006580a8     user32:USER32.dll
 0004:000000ac       \177USER32_NULL_THUNK_DATA 006580ac     user32:USER32.dll
 0004:000000d8       __IMPORT_DESCRIPTOR_KERNEL32 006580d8     kernel32:KERNEL32.dll
 0004:000000ec       __IMPORT_DESCRIPTOR_USER32 006580ec     user32:USER32.dll
 0004:00000100       __NULL_IMPORT_DESCRIPTOR   00658100     kernel32:KERNEL32.dll

 entry point at        0001:0000000a

 Static symbols

 0000:ffda5000       .debug$S                   00400000     kernel32:KERNEL32.dll
 0000:ffda5000       .debug$S                   00400000     kernel32:KERNEL32.dll
 0000:ffda5000       .debug$S                   00400000     kernel32:KERNEL32.dll
 0000:ffda5000       .debug$S                   00400000     kernel32:KERNEL32.dll
 0000:ffda5000       .debug$S                   00400000     kernel32:KERNEL32.dll
 0000:ffda5000       .debug$S                   00400000     kernel32:KERNEL32.dll
 0000:ffda5000       .debug$S                   00400000     kernel32:KERNEL32.dll
 0000:ffda5000       .debug$S                   00400000     kernel32:KERNEL32.dll
 0000:ffda5000       .debug$S                   00400000     kernel32:KERNEL32.dll
 0000:ffda5000       .debug$S                   00400000     kernel32:KERNEL32.dll
 0000:ffda5000       .debug$S                   00400000     kernel32:KERNEL32.dll
 0000:ffda5000       .debug$S                   00400000     kernel32:KERNEL32.dll
 0000:ffda5000       .debug$S                   00400000     kernel32:KERNEL32.dll
 0000:ffda5000       .debug$S                   00400000     kernel32:KERNEL32.dll
 0000:ffda5000       .debug$S                   00400000     kernel32:KERNEL32.dll
 0000:ffda5000       .debug$S                   00400000     kernel32:KERNEL32.dll
 0000:ffda5000       .debug$S                   00400000     kernel32:KERNEL32.dll
 0000:ffda5000       .debug$S                   00400000     kernel32:KERNEL32.dll
 0000:ffda5000       .debug$S                   00400000     kernel32:KERNEL32.dll
 0000:ffda5000       .debug$S                   00400000     kernel32:KERNEL32.dll
 0000:ffda5000       .debug$S                   00400000     kernel32:KERNEL32.dll
 0000:ffda5000       .debug$S                   00400000     kernel32:KERNEL32.dll
 0000:ffda5000       .debug$S                   00400000     kernel32:KERNEL32.dll
 0000:ffda5000       .debug$S                   00400000     kernel32:KERNEL32.dll
 0000:ffda5000       .debug$S                   00400000     kernel32:KERNEL32.dll
 0000:ffda5000       .debug$S                   00400000     kernel32:KERNEL32.dll
 0000:ffda5000       .debug$S                   00400000     user32:USER32.dll
 0001:00000634       _scan_for_quote@0          00401634 f   Irvine32:Irvine32.obj
 0001:0000075b       _Initialize@0              0040175b f   Irvine32:Irvine32.obj
 0001:00000b5f       _ReadKeyTranslate@0        00401b5f f   Irvine32:Irvine32.obj
 0001:000011d5       _AsciiDigit@0              004021d5 f   Irvine32:Irvine32.obj
 0001:000011de       _HexByte@0                 004021de f   Irvine32:Irvine32.obj
 0001:000026a0       $$000000                   004036a0     byte2file.obj
 0001:00002850       $$000000                   00403850     encrypt.obj
 0001:00002a30       $$000000                   00403a30     file2byte.obj
 0001:00002ac0       $$000000                   00403ac0     main.obj
 0003:00000000       filename01                 00406000     byte2file.obj
 0003:00000028       filename02                 00406028     byte2file.obj
 0003:00000050       filename03                 00406050     byte2file.obj
 0003:00000078       filename04                 00406078     byte2file.obj
 0003:000000a0       filename11                 004060a0     byte2file.obj
 0003:000000c8       filename12                 004060c8     byte2file.obj
 0003:000000f0       filename13                 004060f0     byte2file.obj
 0003:00000118       filename14                 00406118     byte2file.obj
 0003:00000140       errMsg                     00406140     byte2file.obj
 0003:00000155       fileHandle                 00406155     byte2file.obj
 0003:00000159       bytesWritten               00406159     byte2file.obj
 0003:000001a0       img                        004061a0     encrypt.obj
 0003:000002a0       encrpyt                    004062a0     encrypt.obj
 0003:000002ab       decrpyt                    004062ab     encrypt.obj
 0003:000002b5       decrpytFileType            004062b5     encrypt.obj
 0003:000002f0       fileHandle                 004062f0     file2byte.obj
 0003:000002f4       Buffer                     004062f4     file2byte.obj
 0003:000f4534       BytesRead                  004fa534     file2byte.obj
 0003:000f4538       errMsg                     004fa538     file2byte.obj
 0003:00125290       buffer_showBmp             0052b290     main.obj
 0003:0013d930       buffer_hideFile            00543930     main.obj
 0003:00155fd0       filename                   0055bfd0     main.obj
 0003:00156006       errMsg                     0055c006     main.obj
 0003:00156019       file_path                  0055c019     main.obj
 0003:00156119       showBmpPtr                 0055c119     main.obj
 0003:0015611d       showBmpPtrTemp             0055c11d     main.obj
 0003:00156121       showBmpLen                 0055c121     main.obj
 0003:00156125       hideFilePtr                0055c125     main.obj
 0003:00156129       hideFileLen                0055c129     main.obj
 0003:0015612d       fileType                   0055c12d     main.obj
 0003:0015612e       unHideFile                 0055c12e     main.obj
 0003:0024a36e       unhideFileLen              0065036e     main.obj
 0003:0024a372       unHideFileType             00650372     main.obj
 0003:0024a373       inputBuffer                00650373     main.obj
 0003:0024a473       prompt                     00650473     main.obj
 0003:0024a49c       errorMsg                   0065049c     main.obj
 0003:0024a4c4       encryptMsg                 006504c4     main.obj
 0003:0024a4e7       textMsg                    006504e7     main.obj
 0003:0024a511       decryptMsg                 00650511     main.obj
 0003:0024a53e       startFrom                  0065053e     main.obj
 0003:002503b0       InitFlag                   006563b0     Irvine32:Irvine32.obj
 0003:002503b1       xtable                     006563b1     Irvine32:Irvine32.obj
 0003:002503c1       blanks                     006563c1     Irvine32:Irvine32.obj
 0003:002505c1       attribs                    006565c1     Irvine32:Irvine32.obj
 0003:002509c1       lineLength                 006569c1     Irvine32:Irvine32.obj
 0003:002509c5       cursorLoc                  006569c5     Irvine32:Irvine32.obj
 0003:002509c9       count                      006569c9     Irvine32:Irvine32.obj
 0003:002509cd       ??0002                     006569cd     Irvine32:Irvine32.obj
 0003:002509d2       dumpPrompt                 006569d2     Irvine32:Irvine32.obj
 0003:002509e4       dashLine                   006569e4     Irvine32:Irvine32.obj
 0003:00250a06       ??0003                     00656a06     Irvine32:Irvine32.obj
 0003:00250a09       ??0004                     00656a09     Irvine32:Irvine32.obj
 0003:00250a0b       ??0005                     00656a0b     Irvine32:Irvine32.obj
 0003:00250a0d       saveIP                     00656a0d     Irvine32:Irvine32.obj
 0003:00250a11       saveESP                    00656a11     Irvine32:Irvine32.obj
 0003:00250a15       ??0006                     00656a15     Irvine32:Irvine32.obj
 0003:00250a1c       ??0007                     00656a1c     Irvine32:Irvine32.obj
 0003:00250a23       ??0008                     00656a23     Irvine32:Irvine32.obj
 0003:00250a2a       ??0009                     00656a2a     Irvine32:Irvine32.obj
 0003:00250a31       ??000A                     00656a31     Irvine32:Irvine32.obj
 0003:00250a38       ??000B                     00656a38     Irvine32:Irvine32.obj
 0003:00250a3f       ??000C                     00656a3f     Irvine32:Irvine32.obj
 0003:00250a46       ??000D                     00656a46     Irvine32:Irvine32.obj
 0003:00250a4d       ??000E                     00656a4d     Irvine32:Irvine32.obj
 0003:00250a54       ??000F                     00656a54     Irvine32:Irvine32.obj
 0003:00250a5b       ??0010                     00656a5b     Irvine32:Irvine32.obj
 0003:00250a60       ??0011                     00656a60     Irvine32:Irvine32.obj
 0003:00250a62       ??0013                     00656a62     Irvine32:Irvine32.obj
 0003:00250a67       ??0014                     00656a67     Irvine32:Irvine32.obj
 0003:00250a69       ??0016                     00656a69     Irvine32:Irvine32.obj
 0003:00250a6e       ??0017                     00656a6e     Irvine32:Irvine32.obj
 0003:00250a70       ??0019                     00656a70     Irvine32:Irvine32.obj
 0003:00250a75       ??001A                     00656a75     Irvine32:Irvine32.obj
 0003:00250a77       ??001C                     00656a77     Irvine32:Irvine32.obj
 0003:00250a7c       ??001D                     00656a7c     Irvine32:Irvine32.obj
 0003:00250a7e       ??001F                     00656a7e     Irvine32:Irvine32.obj
 0003:00250a83       ??0020                     00656a83     Irvine32:Irvine32.obj
 0003:00250a85       _cursorPosition            00656a85     Irvine32:Irvine32.obj
 0003:00250a89       @zx02abc_def_caption       00656a89     Irvine32:Irvine32.obj
 0003:00250a8b       @zq02abc_def_caption       00656a8b     Irvine32:Irvine32.obj
 0003:00250a8d       overflow_msgL              00656a8d     Irvine32:Irvine32.obj
 0003:00250aa8       invalid_msgL               00656aa8     Irvine32:Irvine32.obj
 0003:00250abb       seed                       00656abb     Irvine32:Irvine32.obj
 0003:00250abf       xbtable                    00656abf     Irvine32:Irvine32.obj
 0003:00250ad6       numVal                     00656ad6     Irvine32:Irvine32.obj
 0003:00250ada       charVal                    00656ada     Irvine32:Irvine32.obj
 0003:00250adb       evBuffer                   00656adb     Irvine32:Irvine32.obj
 0003:00250aef       evRepeat                   00656aef     Irvine32:Irvine32.obj
 0003:00250af1       SpecialCases               00656af1     Irvine32:Irvine32.obj
 0003:00250b32       _$$temp                    00656b32     Irvine32:Irvine32.obj
 0003:00250b36       waitmsgstr                 00656b36     Irvine32:Irvine32.obj
 0003:00250b53       bufferL                    00656b53     Irvine32:Irvine32.obj
 0003:00250b60       bufferLHB                  00656b60     Irvine32:Irvine32.obj
 0003:00250b69       buffer_B                   00656b69     Irvine32:Irvine32.obj
 0003:00250b76       neg_flag                   00656b76     Irvine32:Irvine32.obj
 0003:00250b77       LblStack                   00656b77     Irvine32:Irvine32.obj
 0003:00250b84       LblFor                     00656b84     Irvine32:Irvine32.obj
 0003:00250b89       LblEbp                     00656b89     Irvine32:Irvine32.obj
 0003:00250b8f       LblParam                   00656b8f     Irvine32:Irvine32.obj
 0003:00250b9c       LblEbpPtr                  00656b9c     Irvine32:Irvine32.obj
 0003:00250bb2       LblSaved                   00656bb2     Irvine32:Irvine32.obj
 0003:00250bc4       LblLocal                   00656bc4     Irvine32:Irvine32.obj
 0003:00250bd6       LblReturn                  00656bd6     Irvine32:Irvine32.obj
 0003:00250be8       LblEsp                     00656be8     Irvine32:Irvine32.obj
 0003:00250bf4       BadStackFrameMsg           00656bf4     Irvine32:Irvine32.obj
 0003:00250c0f       NoName                     00656c0f     Irvine32:Irvine32.obj
 0003:00250c10       WriteToFile_1              00656c10     Irvine32:Irvine32.obj
 0003:00250c14       WriteWindowsMsg_1          00656c14     Irvine32:Irvine32.obj
 0003:00250c1b       WriteWindowsMsg_2          00656c1b     Irvine32:Irvine32.obj
 0003:00250c1e       pErrorMsg                  00656c1e     Irvine32:Irvine32.obj
 0003:00250c22       messageId                  00656c22     Irvine32:Irvine32.obj
 0003:00250ee0       consoleInHandle            00656ee0     Irvine32:Irvine32.obj
 0003:00250ee4       consoleOutHandle           00656ee4     Irvine32:Irvine32.obj
 0003:00250ee8       bytesWritten               00656ee8     Irvine32:Irvine32.obj
 0003:00250eec       eflags                     00656eec     Irvine32:Irvine32.obj
 0003:00250ef0       digitBuffer                00656ef0     Irvine32:Irvine32.obj
 0003:00250f41       buffer                     00656f41     Irvine32:Irvine32.obj
 0003:00251141       bytesRead                  00657141     Irvine32:Irvine32.obj
 0003:00251145       sysTime                    00657145     Irvine32:Irvine32.obj
 0004:000003d6       .idata$6                   006583d6     kernel32:KERNEL32.dll
 0004:000003f2       .idata$6                   006583f2     user32:USER32.dll
 0005:00000170       $R000000                   00659170     * linker generated manifest res *
