 steghide_assembly

 Timestamp is 657e8a0b (Sun Dec 17 13:41:31 2023)

 Preferred load address is 00400000

 Start         Length     Name                   Class
 0001:00000000 000026a0H .text                   CODE
 0001:000026a0 000016f1H .text$mn                CODE
 0002:00000000 00000144H .rdata                  DATA
 0002:00000143 00000000H .edata                  DATA
 0002:00000144 00000186H .rdata$zzzdbg           DATA
 0003:00000000 00803ea0H .data                   DATA
 0003:00803ea0 000002f2H .bss                    DATA
 0004:00000000 000000d8H .idata$5                DATA
 0004:000000d8 00000028H .idata$2                DATA
 0004:00000100 00000014H .idata$3                DATA
 0004:00000114 000000d8H .idata$4                DATA
 0004:000001ec 00000347H .idata$6                DATA
 0005:00000000 00000170H .rsrc$01                DATA
 0005:00000170 000002ccH .rsrc$02                DATA

  Address         Publics by Value              Rva+Base       Lib:Object

 0000:00000000       ___guard_longjmp_table     00000000     <absolute>
 0000:00000000       ___hybrid_code_map         00000000     <absolute>
 0000:00000000       ___volatile_metadata       00000000     <absolute>
 0000:00000000       ___hybrid_code_map_count   00000000     <absolute>
 0000:00000000       ___guard_fids_count        00000000     <absolute>
 0000:00000000       ___hybrid_auxiliary_iat    00000000     <absolute>
 0000:00000000       ___guard_fids_table        00000000     <absolute>
 0000:00000000       ___AbsoluteZero            00000000     <absolute>
 0000:00000000       ___safe_se_handler_count   00000000     <absolute>
 0000:00000000       ___guard_iat_table         00000000     <absolute>
 0000:00000000       ___safe_se_handler_table   00000000     <absolute>
 0000:00000000       ___guard_iat_count         00000000     <absolute>
 0000:00000000       ___enclave_config          00000000     <absolute>
 0000:00000000       ___dynamic_value_reloc_table 00000000     <absolute>
 0000:00000000       ___guard_longjmp_count     00000000     <absolute>
 0000:00000000       ___guard_flags             00000000     <absolute>
 0001:00000240       _CloseFile@0               00401240 f   Irvine32:Irvine32.obj
 0001:00000247       _Clrscr@0                  00401247 f   Irvine32:Irvine32.obj
 0001:0000030c       _CreateOutputFile@0        0040130c f   Irvine32:Irvine32.obj
 0001:00000325       _Crlf@0                    00401325 f   Irvine32:Irvine32.obj
 0001:00000340       _Delay@0                   00401340 f   Irvine32:Irvine32.obj
 0001:00000349       _DumpMem@0                 00401349 f   Irvine32:Irvine32.obj
 0001:00000404       _DumpRegs@0                00401404 f   Irvine32:Irvine32.obj
 0001:000005ff       _GetCommandTail@0          004015ff f   Irvine32:Irvine32.obj
 0001:0000063c       _GetDateTime@4             0040163c f   Irvine32:Irvine32.obj
 0001:0000066e       _GetMaxXY@0                0040166e f   Irvine32:Irvine32.obj
 0001:0000069d       _GetMseconds@0             0040169d f   Irvine32:Irvine32.obj
 0001:000006fa       _GetTextColor@0            004016fa f   Irvine32:Irvine32.obj
 0001:00000725       _Gotoxy@0                  00401725 f   Irvine32:Irvine32.obj
 0001:0000077d       _IsDigit@0                 0040177d f   Irvine32:Irvine32.obj
 0001:0000078a       _MsgBox@0                  0040178a f   Irvine32:Irvine32.obj
 0001:000007a1       _MsgBoxAsk@0               004017a1 f   Irvine32:Irvine32.obj
 0001:000007c0       _OpenInputFile@0           004017c0 f   Irvine32:Irvine32.obj
 0001:000007d9       _ParseDecimal32@0          004017d9 f   Irvine32:Irvine32.obj
 0001:0000083b       _ParseInteger32@0          0040183b f   Irvine32:Irvine32.obj
 0001:000008f6       _Random32@0                004018f6 f   Irvine32:Irvine32.obj
 0001:00000911       _RandomRange@0             00401911 f   Irvine32:Irvine32.obj
 0001:00000926       _Randomize@0               00401926 f   Irvine32:Irvine32.obj
 0001:0000093f       _ReadChar@0                0040193f f   Irvine32:Irvine32.obj
 0001:00000955       _ReadDec@0                 00401955 f   Irvine32:Irvine32.obj
 0001:00000970       _ReadFromFile@0            00401970 f   Irvine32:Irvine32.obj
 0001:00000993       _ReadHex@0                 00401993 f   Irvine32:Irvine32.obj
 0001:00000a14       _ReadInt@0                 00401a14 f   Irvine32:Irvine32.obj
 0001:00000a2f       _ReadKey@0                 00401a2f f   Irvine32:Irvine32.obj
 0001:00000b4a       _ReadKeyFlush@0            00401b4a f   Irvine32:Irvine32.obj
 0001:00000c18       _ReadString@0              00401c18 f   Irvine32:Irvine32.obj
 0001:00000cd1       _SetTextColor@0            00401cd1 f   Irvine32:Irvine32.obj
 0001:00000cf2       _StrLength@0               00401cf2 f   Irvine32:Irvine32.obj
 0001:00000d03       _Str_compare@8             00401d03 f   Irvine32:Irvine32.obj
 0001:00000d2d       _Str_copy@8                00401d2d f   Irvine32:Irvine32.obj
 0001:00000d50       _Str_length@4              00401d50 f   Irvine32:Irvine32.obj
 0001:00000d6a       _Str_trim@8                00401d6a f   Irvine32:Irvine32.obj
 0001:00000d98       _Str_ucase@4               00401d98 f   Irvine32:Irvine32.obj
 0001:00000dba       _WaitMsg@0                 00401dba f   Irvine32:Irvine32.obj
 0001:00000dcc       _WriteBin@0                00401dcc f   Irvine32:Irvine32.obj
 0001:00000dd9       _WriteBinB@0               00401dd9 f   Irvine32:Irvine32.obj
 0001:00000e2c       _WriteChar@0               00401e2c f   Irvine32:Irvine32.obj
 0001:00000e5e       _WriteDec@0                00401e5e f   Irvine32:Irvine32.obj
 0001:00000e9f       _WriteHex@0                00401e9f f   Irvine32:Irvine32.obj
 0001:00000eac       _WriteHexB@0               00401eac f   Irvine32:Irvine32.obj
 0001:00000f3e       _WriteInt@0                00401f3e f   Irvine32:Irvine32.obj
 0001:00000f9f       _WriteStackFrameName@16    00401f9f f   Irvine32:Irvine32.obj
 0001:0000111f       _WriteStackFrame@12        0040211f f   Irvine32:Irvine32.obj
 0001:00001139       _WriteString@0             00402139 f   Irvine32:Irvine32.obj
 0001:00001165       _WriteToFile@0             00402165 f   Irvine32:Irvine32.obj
 0001:0000117a       _WriteWindowsMsg@0         0040217a f   Irvine32:Irvine32.obj
 0001:000026a0       _byte2file@16              004036a0 f   byte2file.obj
 0001:00002850       _encryptOneByte@8          00403850 f   encrypt.obj
 0001:00002881       _HideTheFile@20            00403881 f   encrypt.obj
 0001:000028da       _extractByte@4             004038da f   encrypt.obj
 0001:00002912       _unHideTheFile@16          00403912 f   encrypt.obj
 0001:00002a30       _File2Byte@4               00403a30 f   file2byte.obj
 0001:00002ac0       _main@0                    00403ac0 f   main.obj
 0001:00002cc1       _CreateFileA@28            00403cc1 f   kernel32:KERNEL32.dll
 0001:00002cc7       _WriteFile@20              00403cc7 f   kernel32:KERNEL32.dll
 0001:00002ccd       _CloseHandle@4             00403ccd f   kernel32:KERNEL32.dll
 0001:00002cd3       _ReadFile@20               00403cd3 f   kernel32:KERNEL32.dll
 0001:00002cd9       _ExitProcess@4             00403cd9 f   kernel32:KERNEL32.dll
 0001:00002cdf       _FormatMessageA@28         00403cdf f   kernel32:KERNEL32.dll
 0001:00002ce5       _FlushConsoleInputBuffer@4 00403ce5 f   kernel32:KERNEL32.dll
 0001:00002ceb       _GetCommandLineA@0         00403ceb f   kernel32:KERNEL32.dll
 0001:00002cf1       _GetConsoleMode@8          00403cf1 f   kernel32:KERNEL32.dll
 0001:00002cf7       _GetConsoleScreenBufferInfo@8 00403cf7 f   kernel32:KERNEL32.dll
 0001:00002cfd       _GetLastError@0            00403cfd f   kernel32:KERNEL32.dll
 0001:00002d03       _GetLocalTime@4            00403d03 f   kernel32:KERNEL32.dll
 0001:00002d09       _GetStdHandle@4            00403d09 f   kernel32:KERNEL32.dll
 0001:00002d0f       _GetSystemTime@4           00403d0f f   kernel32:KERNEL32.dll
 0001:00002d15       _LocalFree@4               00403d15 f   kernel32:KERNEL32.dll
 0001:00002d1b       _PeekConsoleInputA@16      00403d1b f   kernel32:KERNEL32.dll
 0001:00002d21       _ReadConsoleA@20           00403d21 f   kernel32:KERNEL32.dll
 0001:00002d27       _ReadConsoleInputA@16      00403d27 f   kernel32:KERNEL32.dll
 0001:00002d2d       _SetConsoleCursorPosition@8 00403d2d f   kernel32:KERNEL32.dll
 0001:00002d33       _SetConsoleMode@8          00403d33 f   kernel32:KERNEL32.dll
 0001:00002d39       _SetConsoleTextAttribute@8 00403d39 f   kernel32:KERNEL32.dll
 0001:00002d3f       _Sleep@4                   00403d3f f   kernel32:KERNEL32.dll
 0001:00002d45       _SystemTimeToFileTime@8    00403d45 f   kernel32:KERNEL32.dll
 0001:00002d4b       _WriteConsoleA@20          00403d4b f   kernel32:KERNEL32.dll
 0001:00002d51       _WriteConsoleOutputCharacterA@20 00403d51 f   kernel32:KERNEL32.dll
 0001:00002d57       _WriteConsoleOutputAttribute@20 00403d57 f   kernel32:KERNEL32.dll
 0001:00002d5d       _MessageBoxA@16            00403d5d f   user32:USER32.dll
 0004:00000000       __imp__CreateFileA@28      00c0b000     kernel32:KERNEL32.dll
 0004:00000004       __imp__WriteFile@20        00c0b004     kernel32:KERNEL32.dll
 0004:00000008       __imp__CloseHandle@4       00c0b008     kernel32:KERNEL32.dll
 0004:0000000c       __imp__ReadFile@20         00c0b00c     kernel32:KERNEL32.dll
 0004:00000010       __imp__ExitProcess@4       00c0b010     kernel32:KERNEL32.dll
 0004:00000014       __imp__FormatMessageA@28   00c0b014     kernel32:KERNEL32.dll
 0004:00000018       __imp__FlushConsoleInputBuffer@4 00c0b018     kernel32:KERNEL32.dll
 0004:0000001c       __imp__GetCommandLineA@0   00c0b01c     kernel32:KERNEL32.dll
 0004:00000020       __imp__GetConsoleMode@8    00c0b020     kernel32:KERNEL32.dll
 0004:00000024       __imp__GetConsoleScreenBufferInfo@8 00c0b024     kernel32:KERNEL32.dll
 0004:00000028       __imp__GetLastError@0      00c0b028     kernel32:KERNEL32.dll
 0004:0000002c       __imp__GetLocalTime@4      00c0b02c     kernel32:KERNEL32.dll
 0004:00000030       __imp__GetStdHandle@4      00c0b030     kernel32:KERNEL32.dll
 0004:00000034       __imp__GetSystemTime@4     00c0b034     kernel32:KERNEL32.dll
 0004:00000038       __imp__LocalFree@4         00c0b038     kernel32:KERNEL32.dll
 0004:0000003c       __imp__PeekConsoleInputA@16 00c0b03c     kernel32:KERNEL32.dll
 0004:00000040       __imp__ReadConsoleA@20     00c0b040     kernel32:KERNEL32.dll
 0004:00000044       __imp__ReadConsoleInputA@16 00c0b044     kernel32:KERNEL32.dll
 0004:00000048       __imp__SetConsoleCursorPosition@8 00c0b048     kernel32:KERNEL32.dll
 0004:0000004c       __imp__SetConsoleMode@8    00c0b04c     kernel32:KERNEL32.dll
 0004:00000050       __imp__SetConsoleTextAttribute@8 00c0b050     kernel32:KERNEL32.dll
 0004:00000054       __imp__Sleep@4             00c0b054     kernel32:KERNEL32.dll
 0004:00000058       __imp__SystemTimeToFileTime@8 00c0b058     kernel32:KERNEL32.dll
 0004:0000005c       __imp__WriteConsoleA@20    00c0b05c     kernel32:KERNEL32.dll
 0004:00000060       __imp__WriteConsoleOutputCharacterA@20 00c0b060     kernel32:KERNEL32.dll
 0004:00000064       __imp__WriteConsoleOutputAttribute@20 00c0b064     kernel32:KERNEL32.dll
 0004:00000068       \177KERNEL32_NULL_THUNK_DATA 00c0b068     kernel32:KERNEL32.dll
 0004:000000a8       __imp__MessageBoxA@16      00c0b0a8     user32:USER32.dll
 0004:000000ac       \177USER32_NULL_THUNK_DATA 00c0b0ac     user32:USER32.dll
 0004:000000d8       __IMPORT_DESCRIPTOR_KERNEL32 00c0b0d8     kernel32:KERNEL32.dll
 0004:000000ec       __IMPORT_DESCRIPTOR_USER32 00c0b0ec     user32:USER32.dll
 0004:00000100       __NULL_IMPORT_DESCRIPTOR   00c0b100     kernel32:KERNEL32.dll

 entry point at        0001:0000000a

 Static symbols

 0000:ff7f2000       .debug$S                   00400000     kernel32:KERNEL32.dll
 0000:ff7f2000       .debug$S                   00400000     kernel32:KERNEL32.dll
 0000:ff7f2000       .debug$S                   00400000     kernel32:KERNEL32.dll
 0000:ff7f2000       .debug$S                   00400000     kernel32:KERNEL32.dll
 0000:ff7f2000       .debug$S                   00400000     kernel32:KERNEL32.dll
 0000:ff7f2000       .debug$S                   00400000     kernel32:KERNEL32.dll
 0000:ff7f2000       .debug$S                   00400000     kernel32:KERNEL32.dll
 0000:ff7f2000       .debug$S                   00400000     kernel32:KERNEL32.dll
 0000:ff7f2000       .debug$S                   00400000     kernel32:KERNEL32.dll
 0000:ff7f2000       .debug$S                   00400000     kernel32:KERNEL32.dll
 0000:ff7f2000       .debug$S                   00400000     kernel32:KERNEL32.dll
 0000:ff7f2000       .debug$S                   00400000     kernel32:KERNEL32.dll
 0000:ff7f2000       .debug$S                   00400000     kernel32:KERNEL32.dll
 0000:ff7f2000       .debug$S                   00400000     kernel32:KERNEL32.dll
 0000:ff7f2000       .debug$S                   00400000     kernel32:KERNEL32.dll
 0000:ff7f2000       .debug$S                   00400000     kernel32:KERNEL32.dll
 0000:ff7f2000       .debug$S                   00400000     kernel32:KERNEL32.dll
 0000:ff7f2000       .debug$S                   00400000     kernel32:KERNEL32.dll
 0000:ff7f2000       .debug$S                   00400000     kernel32:KERNEL32.dll
 0000:ff7f2000       .debug$S                   00400000     kernel32:KERNEL32.dll
 0000:ff7f2000       .debug$S                   00400000     kernel32:KERNEL32.dll
 0000:ff7f2000       .debug$S                   00400000     kernel32:KERNEL32.dll
 0000:ff7f2000       .debug$S                   00400000     kernel32:KERNEL32.dll
 0000:ff7f2000       .debug$S                   00400000     kernel32:KERNEL32.dll
 0000:ff7f2000       .debug$S                   00400000     kernel32:KERNEL32.dll
 0000:ff7f2000       .debug$S                   00400000     kernel32:KERNEL32.dll
 0000:ff7f2000       .debug$S                   00400000     user32:USER32.dll
 0001:00000634       _scan_for_quote@0          00401634 f   Irvine32:Irvine32.obj
 0001:0000075b       _Initialize@0              0040175b f   Irvine32:Irvine32.obj
 0001:00000b5f       _ReadKeyTranslate@0        00401b5f f   Irvine32:Irvine32.obj
 0001:000011d5       _AsciiDigit@0              004021d5 f   Irvine32:Irvine32.obj
 0001:000011de       _HexByte@0                 004021de f   Irvine32:Irvine32.obj
 0001:000026a0       $$000000                   004036a0     byte2file.obj
 0001:00002850       $$000000                   00403850     encrypt.obj
 0001:00002a30       $$000000                   00403a30     file2byte.obj
 0001:00002ac0       $$000000                   00403ac0     main.obj
 0003:00000000       filename01                 00406000     byte2file.obj
 0003:00000028       filename02                 00406028     byte2file.obj
 0003:00000050       filename03                 00406050     byte2file.obj
 0003:00000078       filename04                 00406078     byte2file.obj
 0003:000000a0       filename11                 004060a0     byte2file.obj
 0003:000000c8       filename12                 004060c8     byte2file.obj
 0003:000000f0       filename13                 004060f0     byte2file.obj
 0003:00000118       filename14                 00406118     byte2file.obj
 0003:00000140       errMsg                     00406140     byte2file.obj
 0003:00000155       fileHandle                 00406155     byte2file.obj
 0003:00000159       bytesWritten               00406159     byte2file.obj
 0003:000001a0       img                        004061a0     encrypt.obj
 0003:000002a0       encrpyt                    004062a0     encrypt.obj
 0003:000002ab       decrpyt                    004062ab     encrypt.obj
 0003:000002b5       decrpytFileType            004062b5     encrypt.obj
 0003:000002f0       fileHandle                 004062f0     file2byte.obj
 0003:000002f4       Buffer                     004062f4     file2byte.obj
 0003:000f4534       BytesRead                  004fa534     file2byte.obj
 0003:000f4538       errMsg                     004fa538     file2byte.obj
 0003:00125290       buffer_showBmp             0052b290     main.obj
 0003:002194d0       buffer_hideFile            0061f4d0     main.obj
 0003:0030d710       filename                   00713710     main.obj
 0003:0030d746       errMsg                     00713746     main.obj
 0003:0030d759       file_path                  00713759     main.obj
 0003:0030d859       showBmpPtr                 00713859     main.obj
 0003:0030d85d       showBmpPtrTemp             0071385d     main.obj
 0003:0030d861       showBmpLen                 00713861     main.obj
 0003:0030d865       hideFilePtr                00713865     main.obj
 0003:0030d869       hideFileLen                00713869     main.obj
 0003:0030d86d       fileType                   0071386d     main.obj
 0003:0030d86e       unHideFile                 0071386e     main.obj
 0003:00401aae       unhideFileLen              00807aae     main.obj
 0003:00401ab2       unHideFileType             00807ab2     main.obj
 0003:00401ab3       inputBuffer                00807ab3     main.obj
 0003:00401bb3       prompt                     00807bb3     main.obj
 0003:00401bdc       errorMsg                   00807bdc     main.obj
 0003:00401c04       encryptMsg                 00807c04     main.obj
 0003:00401c27       textMsg                    00807c27     main.obj
 0003:00401c51       decryptMsg                 00807c51     main.obj
 0003:00401c7e       startFrom                  00807c7e     main.obj
 0003:00803370       InitFlag                   00c09370     Irvine32:Irvine32.obj
 0003:00803371       xtable                     00c09371     Irvine32:Irvine32.obj
 0003:00803381       blanks                     00c09381     Irvine32:Irvine32.obj
 0003:00803581       attribs                    00c09581     Irvine32:Irvine32.obj
 0003:00803981       lineLength                 00c09981     Irvine32:Irvine32.obj
 0003:00803985       cursorLoc                  00c09985     Irvine32:Irvine32.obj
 0003:00803989       count                      00c09989     Irvine32:Irvine32.obj
 0003:0080398d       ??0002                     00c0998d     Irvine32:Irvine32.obj
 0003:00803992       dumpPrompt                 00c09992     Irvine32:Irvine32.obj
 0003:008039a4       dashLine                   00c099a4     Irvine32:Irvine32.obj
 0003:008039c6       ??0003                     00c099c6     Irvine32:Irvine32.obj
 0003:008039c9       ??0004                     00c099c9     Irvine32:Irvine32.obj
 0003:008039cb       ??0005                     00c099cb     Irvine32:Irvine32.obj
 0003:008039cd       saveIP                     00c099cd     Irvine32:Irvine32.obj
 0003:008039d1       saveESP                    00c099d1     Irvine32:Irvine32.obj
 0003:008039d5       ??0006                     00c099d5     Irvine32:Irvine32.obj
 0003:008039dc       ??0007                     00c099dc     Irvine32:Irvine32.obj
 0003:008039e3       ??0008                     00c099e3     Irvine32:Irvine32.obj
 0003:008039ea       ??0009                     00c099ea     Irvine32:Irvine32.obj
 0003:008039f1       ??000A                     00c099f1     Irvine32:Irvine32.obj
 0003:008039f8       ??000B                     00c099f8     Irvine32:Irvine32.obj
 0003:008039ff       ??000C                     00c099ff     Irvine32:Irvine32.obj
 0003:00803a06       ??000D                     00c09a06     Irvine32:Irvine32.obj
 0003:00803a0d       ??000E                     00c09a0d     Irvine32:Irvine32.obj
 0003:00803a14       ??000F                     00c09a14     Irvine32:Irvine32.obj
 0003:00803a1b       ??0010                     00c09a1b     Irvine32:Irvine32.obj
 0003:00803a20       ??0011                     00c09a20     Irvine32:Irvine32.obj
 0003:00803a22       ??0013                     00c09a22     Irvine32:Irvine32.obj
 0003:00803a27       ??0014                     00c09a27     Irvine32:Irvine32.obj
 0003:00803a29       ??0016                     00c09a29     Irvine32:Irvine32.obj
 0003:00803a2e       ??0017                     00c09a2e     Irvine32:Irvine32.obj
 0003:00803a30       ??0019                     00c09a30     Irvine32:Irvine32.obj
 0003:00803a35       ??001A                     00c09a35     Irvine32:Irvine32.obj
 0003:00803a37       ??001C                     00c09a37     Irvine32:Irvine32.obj
 0003:00803a3c       ??001D                     00c09a3c     Irvine32:Irvine32.obj
 0003:00803a3e       ??001F                     00c09a3e     Irvine32:Irvine32.obj
 0003:00803a43       ??0020                     00c09a43     Irvine32:Irvine32.obj
 0003:00803a45       _cursorPosition            00c09a45     Irvine32:Irvine32.obj
 0003:00803a49       @zx02abc_def_caption       00c09a49     Irvine32:Irvine32.obj
 0003:00803a4b       @zq02abc_def_caption       00c09a4b     Irvine32:Irvine32.obj
 0003:00803a4d       overflow_msgL              00c09a4d     Irvine32:Irvine32.obj
 0003:00803a68       invalid_msgL               00c09a68     Irvine32:Irvine32.obj
 0003:00803a7b       seed                       00c09a7b     Irvine32:Irvine32.obj
 0003:00803a7f       xbtable                    00c09a7f     Irvine32:Irvine32.obj
 0003:00803a96       numVal                     00c09a96     Irvine32:Irvine32.obj
 0003:00803a9a       charVal                    00c09a9a     Irvine32:Irvine32.obj
 0003:00803a9b       evBuffer                   00c09a9b     Irvine32:Irvine32.obj
 0003:00803aaf       evRepeat                   00c09aaf     Irvine32:Irvine32.obj
 0003:00803ab1       SpecialCases               00c09ab1     Irvine32:Irvine32.obj
 0003:00803af2       _$$temp                    00c09af2     Irvine32:Irvine32.obj
 0003:00803af6       waitmsgstr                 00c09af6     Irvine32:Irvine32.obj
 0003:00803b13       bufferL                    00c09b13     Irvine32:Irvine32.obj
 0003:00803b20       bufferLHB                  00c09b20     Irvine32:Irvine32.obj
 0003:00803b29       buffer_B                   00c09b29     Irvine32:Irvine32.obj
 0003:00803b36       neg_flag                   00c09b36     Irvine32:Irvine32.obj
 0003:00803b37       LblStack                   00c09b37     Irvine32:Irvine32.obj
 0003:00803b44       LblFor                     00c09b44     Irvine32:Irvine32.obj
 0003:00803b49       LblEbp                     00c09b49     Irvine32:Irvine32.obj
 0003:00803b4f       LblParam                   00c09b4f     Irvine32:Irvine32.obj
 0003:00803b5c       LblEbpPtr                  00c09b5c     Irvine32:Irvine32.obj
 0003:00803b72       LblSaved                   00c09b72     Irvine32:Irvine32.obj
 0003:00803b84       LblLocal                   00c09b84     Irvine32:Irvine32.obj
 0003:00803b96       LblReturn                  00c09b96     Irvine32:Irvine32.obj
 0003:00803ba8       LblEsp                     00c09ba8     Irvine32:Irvine32.obj
 0003:00803bb4       BadStackFrameMsg           00c09bb4     Irvine32:Irvine32.obj
 0003:00803bcf       NoName                     00c09bcf     Irvine32:Irvine32.obj
 0003:00803bd0       WriteToFile_1              00c09bd0     Irvine32:Irvine32.obj
 0003:00803bd4       WriteWindowsMsg_1          00c09bd4     Irvine32:Irvine32.obj
 0003:00803bdb       WriteWindowsMsg_2          00c09bdb     Irvine32:Irvine32.obj
 0003:00803bde       pErrorMsg                  00c09bde     Irvine32:Irvine32.obj
 0003:00803be2       messageId                  00c09be2     Irvine32:Irvine32.obj
 0003:00803ea0       consoleInHandle            00c09ea0     Irvine32:Irvine32.obj
 0003:00803ea4       consoleOutHandle           00c09ea4     Irvine32:Irvine32.obj
 0003:00803ea8       bytesWritten               00c09ea8     Irvine32:Irvine32.obj
 0003:00803eac       eflags                     00c09eac     Irvine32:Irvine32.obj
 0003:00803eb0       digitBuffer                00c09eb0     Irvine32:Irvine32.obj
 0003:00803f01       buffer                     00c09f01     Irvine32:Irvine32.obj
 0003:00804101       bytesRead                  00c0a101     Irvine32:Irvine32.obj
 0003:00804105       sysTime                    00c0a105     Irvine32:Irvine32.obj
 0004:000003d6       .idata$6                   00c0b3d6     kernel32:KERNEL32.dll
 0004:000003f2       .idata$6                   00c0b3f2     user32:USER32.dll
 0005:00000170       $R000000                   00c0c170     * linker generated manifest res *
